Microchip MPLAB XC8 Compiler V2.32

Linker command line:

-W-3 --edf=C:\Program Files\Microchip\xc8\v2.32\pic\dat\en_msgs.txt -cn \
  -h+dist/default/production\PIC18F47K40_test.X.production.sym \
  --cmf=dist/default/production\PIC18F47K40_test.X.production.cmf -z \
  -Q18LF47K40 -oC:\Users\A66402\AppData\Local\Temp\xcAsg2c.4 \
  --defsym=__MPLAB_BUILD=1 \
  -Mdist/default/production/PIC18F47K40_test.X.production.map -E1 \
  -ver=XC8 Compiler --acfsm=1493 -ASTACK=060h-0E87h -pstack=STACK \
  -ACODE=00h-01FFFFh -ACONST=00h-01FFFFh -ASMALLCONST=0F00h-0FFFhx497 \
  -AMEDIUMCONST=0F00h-0FFFFh,010F00h-01FFFFh -ACOMRAM=01h-05Fh \
  -AABS1=00h-0E87h -ABIGRAM=01h-0E87h \
  -ARAM=060h-0FFh,0100h-01FFhx13,0E00h-0E87h -ABANK0=060h-0FFh \
  -ABANK1=0100h-01FFh -ABANK2=0200h-02FFh -ABANK3=0300h-03FFh \
  -ABANK4=0400h-04FFh -ABANK5=0500h-05FFh -ABANK6=0600h-06FFh \
  -ABANK7=0700h-07FFh -ABANK8=0800h-08FFh -ABANK9=0900h-09FFh \
  -ABANK10=0A00h-0AFFh -ABANK11=0B00h-0BFFh -ABANK12=0C00h-0CFFh \
  -ABANK13=0D00h-0DFFh -ABANK14=0E00h-0E87h \
  -ASFR=0E8Dh-0EFFh,0F00h-0F5Fh,0F60h-0FFFh -ACONFIG=0300000h-030000Bh \
  -AIDLOC=0200000h-020000Fh -AEEDATA=0310000h-03103FFh -peeprom_data=EEDATA \
  -preset_vec=00h,intcode=08h,intcodelo,powerup,init -pramtop=0F00h \
  -psmallconst=SMALLCONST -pmediumconst=MEDIUMCONST -pconst=CONST \
  -AFARRAM=00h-00h \
  -prdata=COMRAM,nvrram=COMRAM,nvbit=COMRAM,rbss=COMRAM,rbit=COMRAM \
  -pfarbss=FARRAM,fardata=FARRAM,nvFARRAM=FARRAM \
  -pintsave_regs=BIGRAM,bigbss=BIGRAM,bigdata=BIGRAM -pbss=RAM \
  -pidata=CODE,irdata=CODE,ibigdata=CODE,ifardata=CODE -prparam=COMRAM \
  C:\Users\A66402\AppData\Local\Temp\xcAsg2c.o \
  dist/default/production\PIC18F47K40_test.X.production.o 

Object code version is 3.11

Machine type is 18LF47K40



                Name                               Link     Load   Length Selector   Space Scale
C:\Users\A66402\AppData\Local\Temp\xcAsg2c.o
                idloc                            200000   200000       10        0       5
                config                           300000   300000        C        0       4
                init                                 B0       B0        4        4       0
                reset_vec                             0        0        4        0       0
dist/default/production\PIC18F47K40_test.X.production.o
                intcode                               8        8       A8        4       0
                idloc                            200000   200000       10        0       5
                config                           300000   300000        C        0       4
                temp                                 47       47        1        1       1
                smallconst                          F00      F00       36      780       0
                text31                             12F4     12F4        2      79B       0
                text30                             1114     1114       30      79B       0
                text29                             12DE     12DE        A      79B       0
                text28                             12F2     12F2        2      79B       0
                text27                             10E4     10E4       30      79B       0
                text26                             12D4     12D4        A      79B       0
                text25                             12F0     12F0        2      79B       0
                text24                             10B4     10B4       30      79B       0
                text23                             12CA     12CA        A      79B       0
                text22                             11DE     11DE       22      79B       0
                text21                             1084     1084       30      79B       0
                text20                             12C0     12C0        A      79B       0
                text18                             12B2     12B2        E      79B       0
                text17                             12A4     12A4        E      79B       0
                text16                             1296     1296        E      79B       0
                text15                             103A     103A       4A      79B       0
                text14                             1288     1288        E      79B       0
                text13                             127A     127A        E      79B       0
                text12                             126C     126C        E      79B       0
                text11                              FEE      FEE       4C      79B       0
                text10                             124A     124A       14      79B       0
                text9                              12EC     12EC        4      79B       0
                text8                              121C     121C       18      79B       0
                text7                               F36      F36       B8      79B       0
                text6                              1200     1200       1C      79B       0
                text5                              11BA     11BA       24      79B       0
                text4                              125E     125E        E      79B       0
                text3                              116C     116C       28      79B       0
                text2                              1194     1194       26      79B       0
                text1                              12E8     12E8        4      79B       0
                text0                              1144     1144       28      79B       0
                cstackCOMRAM                         41       41        6        1       1
                bssCOMRAM                             1        1       2B        1       1
                cinit                              1234     1234       16      79B       0
                nvCOMRAM                             2C       2C       15        1       1

TOTAL           Name                               Link     Load   Length     Space
        CLASS   STACK          

        CLASS   CODE           
                intcode                               8        8       A8         0
                init                                 B0       B0        4         0
                reset_vec                             0        0        4         0
                text31                             12F4     12F4        2         0
                text30                             1114     1114       30         0
                text29                             12DE     12DE        A         0
                text28                             12F2     12F2        2         0
                text27                             10E4     10E4       30         0
                text26                             12D4     12D4        A         0
                text25                             12F0     12F0        2         0
                text24                             10B4     10B4       30         0
                text23                             12CA     12CA        A         0
                text22                             11DE     11DE       22         0
                text21                             1084     1084       30         0
                text20                             12C0     12C0        A         0
                text18                             12B2     12B2        E         0
                text17                             12A4     12A4        E         0
                text16                             1296     1296        E         0
                text15                             103A     103A       4A         0
                text14                             1288     1288        E         0
                text13                             127A     127A        E         0
                text12                             126C     126C        E         0
                text11                              FEE      FEE       4C         0
                text10                             124A     124A       14         0
                text9                              12EC     12EC        4         0
                text8                              121C     121C       18         0
                text7                               F36      F36       B8         0
                text6                              1200     1200       1C         0
                text5                              11BA     11BA       24         0
                text4                              125E     125E        E         0
                text3                              116C     116C       28         0
                text2                              1194     1194       26         0
                text1                              12E8     12E8        4         0
                text0                              1144     1144       28         0
                cinit                              1234     1234       16         0

        CLASS   CONST          

        CLASS   SMALLCONST     
                smallconst                          F00      F00       36         0

        CLASS   MEDIUMCONST    

        CLASS   COMRAM         
                temp                                 47       47        1         1
                cstackCOMRAM                         41       41        6         1
                bssCOMRAM                             1        1       2B         1
                nvCOMRAM                             2C       2C       15         1

        CLASS   ABS1           

        CLASS   BIGRAM         

        CLASS   RAM            

        CLASS   BANK0          

        CLASS   BANK1          

        CLASS   BANK2          

        CLASS   BANK3          

        CLASS   BANK4          

        CLASS   BANK5          

        CLASS   BANK6          

        CLASS   BANK7          

        CLASS   BANK8          

        CLASS   BANK9          

        CLASS   BANK10         

        CLASS   BANK11         

        CLASS   BANK12         

        CLASS   BANK13         

        CLASS   BANK14         

        CLASS   SFR            

        CLASS   CONFIG         
                config                           300000   300000        C         4

        CLASS   IDLOC          
                idloc                            200000   200000       10         5

        CLASS   EEDATA         

        CLASS   FARRAM         



SEGMENTS        Name                           Load    Length   Top    Selector   Space  Class

                reset_vec                      000000  000004  000004         0       0  CODE    
                bssCOMRAM                      000001  000047  000048         1       1  COMRAM  
                intcode                        000008  0000AC  0000B4         4       0  CODE    
                smallconst                     000F00  000036  000F36       780       0  SMALLCON
                text7                          000F36  0003C0  0012F6       79B       0  CODE    


UNUSED ADDRESS RANGES

        Name                Unused          Largest block    Delta
        BANK0            000060-0000FF               A0
        BANK1            000100-0001FF              100
        BANK10           000A00-000AFF              100
        BANK11           000B00-000BFF              100
        BANK12           000C00-000CFF              100
        BANK13           000D00-000DFF              100
        BANK14           000E00-000E87               88
        BANK2            000200-0002FF              100
        BANK3            000300-0003FF              100
        BANK4            000400-0004FF              100
        BANK5            000500-0005FF              100
        BANK6            000600-0006FF              100
        BANK7            000700-0007FF              100
        BANK8            000800-0008FF              100
        BANK9            000900-0009FF              100
        BIGRAM           000048-000E87              E40
        CODE             000004-000007                4
                         0000B4-000EFF              E4C
                         0012F6-01FFFF            1ED0A
        COMRAM           000048-00005F               18
        CONST            000004-000007                4
                         0000B4-000EFF              E4C
                         0012F6-01FFFF            1ED0A
        EEDATA           310000-3103FF              400
        MEDIUMCONST      0012F6-00FFFF             ED0A
                         010F00-01FFFF             F100
        RAM              000060-000E87              100
        SFR              000E8D-000FFF               73
        SMALLCONST       0012F6-01FFFF              100
        STACK            000060-000E87              E28

                                  Symbol Table

EUSART1_SetErrorHandler@interruptHandler        cstackCOMRAM 000044
EUSART1_SetFramingErrorHandler@interruptHandler cstackCOMRAM 000044
EUSART1_SetOverrunErrorHandler@interruptHandler cstackCOMRAM 000044
INT0_SetInterruptHandler@InterruptHandler       cstackCOMRAM 000044
INT1_SetInterruptHandler@InterruptHandler       cstackCOMRAM 000044
INT2_SetInterruptHandler@InterruptHandler       cstackCOMRAM 000044
TMR0_SetInterruptHandler@InterruptHandler       cstackCOMRAM 000044
_ANSELA                                         (abs)        000F11
_ANSELB                                         (abs)        000F19
_ANSELC                                         (abs)        000F21
_ANSELD                                         (abs)        000F26
_ANSELE                                         (abs)        000F2E
_BAUD1CON                                       (abs)        000F9F
_CLK0                                           (abs)        0079F8
_CLK1                                           (abs)        0079F9
_CLK2                                           (abs)        0079FA
_DOZE0                                          (abs)        0076B8
_DOZE1                                          (abs)        0076B9
_DOZE2                                          (abs)        0076BA
_EUSART1_DefaultErrorHandler                    (abs)        000000
_EUSART1_DefaultFramingErrorHandler             (abs)        000000
_EUSART1_DefaultOverrunErrorHandler             (abs)        000000
_EUSART1_ErrorHandler                           nvCOMRAM     00002F
_EUSART1_FramingErrorHandler                    nvCOMRAM     000035
_EUSART1_Initialize                             text15       00103A
_EUSART1_OverrunErrorHandler                    nvCOMRAM     000032
_EUSART1_SetErrorHandler                        text18       0012B2
_EUSART1_SetFramingErrorHandler                 text17       0012A4
_EUSART1_SetOverrunErrorHandler                 text16       001296
_EXT_INT_Initialize                             text11       000FEE
_I2C1_CallbackReturnReset                       (abs)        000000
_I2C1_CallbackReturnStop                        (abs)        000000
_I2C1_DO_ADDRESS_NACK                           (abs)        000000
_I2C1_DO_IDLE                                   (abs)        000000
_I2C1_DO_RCEN                                   (abs)        000000
_I2C1_DO_RESET                                  (abs)        000000
_I2C1_DO_RX                                     (abs)        000000
_I2C1_DO_RX_ACK                                 (abs)        000000
_I2C1_DO_RX_NACK_RESTART                        (abs)        000000
_I2C1_DO_RX_NACK_STOP                           (abs)        000000
_I2C1_DO_SEND_ADR_READ                          (abs)        000000
_I2C1_DO_SEND_ADR_WRITE                         (abs)        000000
_I2C1_DO_SEND_RESTART                           (abs)        000000
_I2C1_DO_SEND_RESTART_READ                      (abs)        000000
_I2C1_DO_SEND_RESTART_WRITE                     (abs)        000000
_I2C1_DO_SEND_STOP                              (abs)        000000
_I2C1_DO_TX                                     (abs)        000000
_I2C1_DO_TX_EMPTY                               (abs)        000000
_I2C1_Initialize                                text10       00124A
_I2C1_Status                                    bssCOMRAM    000001
_INLVLA                                         (abs)        000F0D
_INLVLB                                         (abs)        000F15
_INLVLC                                         (abs)        000F1D
_INLVLD                                         (abs)        000F22
_INLVLE                                         (abs)        000F2A
_INT0PPS                                        (abs)        000EA1
_INT0_CallBack                                  text30       001114
_INT0_DefaultInterruptHandler                   text31       0012F4
_INT0_ISR                                       text29       0012DE
_INT0_InterruptHandler                          nvCOMRAM     00003E
_INT0_SetInterruptHandler                       text14       001288
_INT1PPS                                        (abs)        000EA2
_INT1_CallBack                                  text27       0010E4
_INT1_DefaultInterruptHandler                   text28       0012F2
_INT1_ISR                                       text26       0012D4
_INT1_InterruptHandler                          nvCOMRAM     00003B
_INT1_SetInterruptHandler                       text13       00127A
_INT2PPS                                        (abs)        000EA3
_INT2_CallBack                                  text24       0010B4
_INT2_DefaultInterruptHandler                   text25       0012F0
_INT2_ISR                                       text23       0012CA
_INT2_InterruptHandler                          nvCOMRAM     000038
_INT2_SetInterruptHandler                       text12       00126C
_INTCONbits                                     (abs)        000FF2
_INTERRUPT_Initialize                           text9        0012EC
_INTERRUPT_InterruptManager                     intcode      000008
_LATA                                           (abs)        000F83
_LATB                                           (abs)        000F84
_LATC                                           (abs)        000F85
_LATD                                           (abs)        000F86
_LATE                                           (abs)        000F87
_LATEbits                                       (abs)        000F87
_NVMADRH                                        (abs)        000F7F
_NVMADRL                                        (abs)        000F7E
_NVMCON1bits                                    (abs)        000F81
_NVMCON2                                        (abs)        000F82
_NVMDAT                                         (abs)        000F80
_ODCONA                                         (abs)        000F0F
_ODCONB                                         (abs)        000F17
_ODCONC                                         (abs)        000F1F
_ODCOND                                         (abs)        000F24
_ODCONE                                         (abs)        000F2C
_OSCCON1                                        (abs)        000ED8
_OSCCON3                                        (abs)        000EDA
_OSCEN                                          (abs)        000EDC
_OSCFRQ                                         (abs)        000EDE
_OSCILLATOR_Initialize                          text8        00121C
_OSCTUNE                                        (abs)        000EDD
_PIE0bits                                       (abs)        000EC2
_PIE3bits                                       (abs)        000EC5
_PIN_MANAGER_Initialize                         text7        000F36
_PIR0bits                                       (abs)        000ECA
_PIR3bits                                       (abs)        000ECD
_PIR7bits                                       (abs)        000ED1
_PMD0                                           (abs)        000EE1
_PMD1                                           (abs)        000EE2
_PMD2                                           (abs)        000EE3
_PMD3                                           (abs)        000EE4
_PMD4                                           (abs)        000EE5
_PMD5                                           (abs)        000EE6
_PMD_Initialize                                 text6        001200
_RB0PPS                                         (abs)        000EEF
_RB1PPS                                         (abs)        000EF0
_RB2PPS                                         (abs)        000EF1
_RC0PPS                                         (abs)        000EF7
_RC1REG                                         (abs)        000F99
_RC1STA                                         (abs)        000F9D
_RC1STAbits                                     (abs)        000F9D
_RC4PPS                                         (abs)        000EFB
_RC6PPS                                         (abs)        000EFD
_RX1PPS                                         (abs)        000EB5
_SLRCONA                                        (abs)        000F0E
_SLRCONB                                        (abs)        000F16
_SLRCONC                                        (abs)        000F1E
_SLRCOND                                        (abs)        000F23
_SLRCONE                                        (abs)        000F2B
_SP1BRGH                                        (abs)        000F9C
_SP1BRGL                                        (abs)        000F9B
_SPI2_Initialize                                text5        0011BA
_SSP1ADD                                        (abs)        000F93
_SSP1BUF                                        (abs)        000F92
_SSP1CLKPPS                                     (abs)        000EB7
_SSP1CON1                                       (abs)        000F96
_SSP1CON1bits                                   (abs)        000F96
_SSP1CON2                                       (abs)        000F97
_SSP1CON2bits                                   (abs)        000F97
_SSP1DATPPS                                     (abs)        000EB8
_SSP1STAT                                       (abs)        000F95
_SSP1STATbits                                   (abs)        000F95
_SSP2ADD                                        (abs)        000E93
_SSP2BUF                                        (abs)        000E92
_SSP2CLKPPS                                     (abs)        000E8F
_SSP2CON1                                       (abs)        000E96
_SSP2CON1bits                                   (abs)        000E96
_SSP2CON2                                       (abs)        000E97
_SSP2DATPPS                                     (abs)        000E90
_SSP2STAT                                       (abs)        000E95
_SYSTEM_Initialize                              text2        001194
_T0CON0                                         (abs)        000FD5
_T0CON0bits                                     (abs)        000FD5
_T0CON1                                         (abs)        000FD6
_TABLAT                                         (abs)        000FF5
_TBLPTRH                                        (abs)        000FF7
_TBLPTRL                                        (abs)        000FF6
_TBLPTRU                                        (abs)        000FF8
_TMR0H                                          (abs)        000FD4
_TMR0L                                          (abs)        000FD3
_TMR0_CallBack                                  text21       001084
_TMR0_DefaultInterruptHandler                   text22       0011DE
_TMR0_ISR                                       text20       0012C0
_TMR0_Initialize                                text3        00116C
_TMR0_InterruptHandler                          nvCOMRAM     00002C
_TMR0_SetInterruptHandler                       text4        00125E
_TMR0_StartTimer                                text1        0012E8
_TRISA                                          (abs)        000F88
_TRISB                                          (abs)        000F89
_TRISBbits                                      (abs)        000F89
_TRISC                                          (abs)        000F8A
_TRISD                                          (abs)        000F8B
_TRISE                                          (abs)        000F8C
_TX1REG                                         (abs)        000F9A
_TX1STA                                         (abs)        000F9E
_TX1STAbits                                     (abs)        000F9E
_WPUA                                           (abs)        000F10
_WPUB                                           (abs)        000F18
_WPUC                                           (abs)        000F20
_WPUD                                           (abs)        000F25
_WPUE                                           (abs)        000F2D
__HRAM                                          (abs)        000000
__Habs1                                         abs1         000000
__Hbank0                                        bank0        000000
__Hbank1                                        bank1        000000
__Hbank10                                       bank10       000000
__Hbank11                                       bank11       000000
__Hbank12                                       bank12       000000
__Hbank13                                       bank13       000000
__Hbank14                                       bank14       000000
__Hbank2                                        bank2        000000
__Hbank3                                        bank3        000000
__Hbank4                                        bank4        000000
__Hbank5                                        bank5        000000
__Hbank6                                        bank6        000000
__Hbank7                                        bank7        000000
__Hbank8                                        bank8        000000
__Hbank9                                        bank9        000000
__Hbigbss                                       bigbss       000000
__Hbigdata                                      bigdata      000000
__Hbigram                                       bigram       000000
__Hbss                                          bss          000000
__HbssCOMRAM                                    bssCOMRAM    000000
__Hcinit                                        cinit        000000
__Hclrtext                                      clrtext      000000
__Hcomram                                       comram       000000
__Hconfig                                       config       30000C
__Hconst                                        const        000000
__HcstackCOMRAM                                 cstackCOMRAM 000000
__Hdata                                         data         000000
__Heeprom_data                                  eeprom_data  000000
__Hfarbss                                       farbss       000000
__Hfardata                                      fardata      000000
__Hibigdata                                     ibigdata     000000
__Hidata                                        idata        000000
__Hidloc                                        idloc        200010
__Hifardata                                     ifardata     000000
__Hinit                                         init         0000B4
__Hintcode                                      intcode      0000B0
__Hintcode_body                                 intcode_body 000000
__Hintcodelo                                    intcodelo    0000B0
__Hintentry                                     intentry     000000
__Hintret                                       intret       000000
__Hintsave_regs                                 intsave_regs 000000
__Hirdata                                       irdata       000000
__Hmediumconst                                  mediumconst  000000
__HnvCOMRAM                                     nvCOMRAM     000000
__HnvFARRAM                                     nvFARRAM     000000
__Hnvbit                                        nvbit        000000
__Hnvrram                                       nvrram       000000
__Hparam                                        rparam       000000
__Hpowerup                                      powerup      0000B0
__Hram                                          ram          000000
__Hramtop                                       ramtop       000F00
__Hrbit                                         rbit         000000
__Hrbss                                         rbss         000000
__Hrdata                                        rdata        000000
__Hreset_vec                                    reset_vec    000004
__Hrparam                                       rparam       000000
__Hsfr                                          sfr          000000
__Hsmallconst                                   smallconst   000F36
__Hspace_0                                      (abs)        0012F6
__Hspace_1                                      (abs)        000048
__Hspace_2                                      (abs)        000000
__Hspace_4                                      (abs)        60000C
__Hstack                                        stack        000000
__Hstruct                                       struct       000000
__Htemp                                         temp         000048
__Htext                                         text         000000
__Htext0                                        text0        000000
__Htext1                                        text1        000000
__Htext10                                       text10       000000
__Htext11                                       text11       000000
__Htext12                                       text12       000000
__Htext13                                       text13       000000
__Htext14                                       text14       000000
__Htext15                                       text15       000000
__Htext16                                       text16       000000
__Htext17                                       text17       000000
__Htext18                                       text18       000000
__Htext2                                        text2        000000
__Htext20                                       text20       000000
__Htext21                                       text21       000000
__Htext22                                       text22       000000
__Htext23                                       text23       000000
__Htext24                                       text24       000000
__Htext25                                       text25       000000
__Htext26                                       text26       000000
__Htext27                                       text27       000000
__Htext28                                       text28       000000
__Htext29                                       text29       000000
__Htext3                                        text3        000000
__Htext30                                       text30       000000
__Htext31                                       text31       000000
__Htext32                                       text32       000000
__Htext4                                        text4        000000
__Htext5                                        text5        000000
__Htext6                                        text6        000000
__Htext7                                        text7        000000
__Htext8                                        text8        000000
__Htext9                                        text9        000000
__LRAM                                          (abs)        000001
__Labs1                                         abs1         000000
__Lbank0                                        bank0        000000
__Lbank1                                        bank1        000000
__Lbank10                                       bank10       000000
__Lbank11                                       bank11       000000
__Lbank12                                       bank12       000000
__Lbank13                                       bank13       000000
__Lbank14                                       bank14       000000
__Lbank2                                        bank2        000000
__Lbank3                                        bank3        000000
__Lbank4                                        bank4        000000
__Lbank5                                        bank5        000000
__Lbank6                                        bank6        000000
__Lbank7                                        bank7        000000
__Lbank8                                        bank8        000000
__Lbank9                                        bank9        000000
__Lbigbss                                       bigbss       000000
__Lbigdata                                      bigdata      000000
__Lbigram                                       bigram       000000
__Lbss                                          bss          000000
__LbssCOMRAM                                    bssCOMRAM    000000
__Lcinit                                        cinit        000000
__Lclrtext                                      clrtext      000000
__Lcomram                                       comram       000000
__Lconfig                                       config       000000
__Lconst                                        const        000000
__LcstackCOMRAM                                 cstackCOMRAM 000000
__Ldata                                         data         000000
__Leeprom_data                                  eeprom_data  000000
__Lfarbss                                       farbss       000000
__Lfardata                                      fardata      000000
__Libigdata                                     ibigdata     000000
__Lidata                                        idata        000000
__Lidloc                                        idloc        000000
__Lifardata                                     ifardata     000000
__Linit                                         init         0000B0
__Lintcode                                      intcode      000008
__Lintcode_body                                 intcode_body 000000
__Lintcodelo                                    intcodelo    0000B0
__Lintentry                                     intentry     000000
__Lintret                                       intret       000000
__Lintsave_regs                                 intsave_regs 000000
__Lirdata                                       irdata       000000
__Lmediumconst                                  mediumconst  000000
__LnvCOMRAM                                     nvCOMRAM     000000
__LnvFARRAM                                     nvFARRAM     000000
__Lnvbit                                        nvbit        000000
__Lnvrram                                       nvrram       000000
__Lparam                                        rparam       000000
__Lpowerup                                      powerup      0000B0
__Lram                                          ram          000000
__Lramtop                                       ramtop       000F00
__Lrbit                                         rbit         000000
__Lrbss                                         rbss         000000
__Lrdata                                        rdata        000000
__Lreset_vec                                    reset_vec    000000
__Lrparam                                       rparam       000000
__Lsfr                                          sfr          000000
__Lsmallconst                                   smallconst   000F00
__Lspace_0                                      (abs)        000000
__Lspace_1                                      (abs)        000000
__Lspace_2                                      (abs)        000000
__Lspace_4                                      (abs)        000000
__Lstack                                        stack        000000
__Lstruct                                       struct       000000
__Ltemp                                         temp         000047
__Ltext                                         text         000000
__Ltext0                                        text0        000000
__Ltext1                                        text1        000000
__Ltext10                                       text10       000000
__Ltext11                                       text11       000000
__Ltext12                                       text12       000000
__Ltext13                                       text13       000000
__Ltext14                                       text14       000000
__Ltext15                                       text15       000000
__Ltext16                                       text16       000000
__Ltext17                                       text17       000000
__Ltext18                                       text18       000000
__Ltext2                                        text2        000000
__Ltext20                                       text20       000000
__Ltext21                                       text21       000000
__Ltext22                                       text22       000000
__Ltext23                                       text23       000000
__Ltext24                                       text24       000000
__Ltext25                                       text25       000000
__Ltext26                                       text26       000000
__Ltext27                                       text27       000000
__Ltext28                                       text28       000000
__Ltext29                                       text29       000000
__Ltext3                                        text3        000000
__Ltext30                                       text30       000000
__Ltext31                                       text31       000000
__Ltext32                                       text32       000000
__Ltext4                                        text4        000000
__Ltext5                                        text5        000000
__Ltext6                                        text6        000000
__Ltext7                                        text7        000000
__Ltext8                                        text8        000000
__Ltext9                                        text9        000000
__S0                                            (abs)        0012F6
__S1                                            (abs)        000048
__S2                                            (abs)        000000
__S4                                            (abs)        000000
__S5                                            (abs)        000000
___inthi_sp                                     stack        000000
___intlo_sp                                     stack        000000
___param_bank                                   (abs)        000000
___rparam_used                                  (abs)        000001
___sp                                           stack        000000
__accesstop                                     (abs)        000060
__activetblptr                                  (abs)        000003
__end_of_EUSART1_Initialize                     text15       001084
__end_of_EUSART1_SetErrorHandler                text18       0012C0
__end_of_EUSART1_SetFramingErrorHandler         text17       0012B2
__end_of_EUSART1_SetOverrunErrorHandler         text16       0012A4
__end_of_EXT_INT_Initialize                     text11       00103A
__end_of_I2C1_Initialize                        text10       00125E
__end_of_INT0_CallBack                          text30       001144
__end_of_INT0_DefaultInterruptHandler           text31       0012F6
__end_of_INT0_ISR                               text29       0012E8
__end_of_INT0_SetInterruptHandler               text14       001296
__end_of_INT1_CallBack                          text27       001114
__end_of_INT1_DefaultInterruptHandler           text28       0012F4
__end_of_INT1_ISR                               text26       0012DE
__end_of_INT1_SetInterruptHandler               text13       001288
__end_of_INT2_CallBack                          text24       0010E4
__end_of_INT2_DefaultInterruptHandler           text25       0012F2
__end_of_INT2_ISR                               text23       0012D4
__end_of_INT2_SetInterruptHandler               text12       00127A
__end_of_INTERRUPT_Initialize                   text9        0012F0
__end_of_INTERRUPT_InterruptManager             intcode      0000B0
__end_of_OSCILLATOR_Initialize                  text8        001234
__end_of_PIN_MANAGER_Initialize                 text7        000FEE
__end_of_PMD_Initialize                         text6        00121C
__end_of_SPI2_Initialize                        text5        0011DE
__end_of_SYSTEM_Initialize                      text2        0011BA
__end_of_TMR0_CallBack                          text21       0010B4
__end_of_TMR0_DefaultInterruptHandler           text22       001200
__end_of_TMR0_ISR                               text20       0012CA
__end_of_TMR0_Initialize                        text3        001194
__end_of_TMR0_SetInterruptHandler               text4        00126C
__end_of_TMR0_StartTimer                        text1        0012EC
__end_of__initialization                        cinit        001240
__end_of_fsmStateTable                          smallconst   000F31
__end_of_main                                   text0        00116C
__end_of_spi2_configuration                     smallconst   000F35
__initialization                                cinit        001234
__mediumconst                                   mediumconst  000000
__pbssCOMRAM                                    bssCOMRAM    000001
__pcinit                                        cinit        001234
__pcstackCOMRAM                                 cstackCOMRAM 000041
__pintcode                                      intcode      000008
__pnvCOMRAM                                     nvCOMRAM     00002C
__psmallconst                                   smallconst   000F00
__ptext0                                        text0        001144
__ptext1                                        text1        0012E8
__ptext10                                       text10       00124A
__ptext11                                       text11       000FEE
__ptext12                                       text12       00126C
__ptext13                                       text13       00127A
__ptext14                                       text14       001288
__ptext15                                       text15       00103A
__ptext16                                       text16       001296
__ptext17                                       text17       0012A4
__ptext18                                       text18       0012B2
__ptext2                                        text2        001194
__ptext20                                       text20       0012C0
__ptext21                                       text21       001084
__ptext22                                       text22       0011DE
__ptext23                                       text23       0012CA
__ptext24                                       text24       0010B4
__ptext25                                       text25       0012F0
__ptext26                                       text26       0012D4
__ptext27                                       text27       0010E4
__ptext28                                       text28       0012F2
__ptext29                                       text29       0012DE
__ptext3                                        text3        00116C
__ptext30                                       text30       001114
__ptext31                                       text31       0012F4
__ptext32                                       text32       000000
__ptext4                                        text4        00125E
__ptext5                                        text5        0011BA
__ptext6                                        text6        001200
__ptext7                                        text7        000F36
__ptext8                                        text8        00121C
__ptext9                                        text9        0012EC
__ramtop                                        ramtop       000F00
__size_of_EUSART1_Initialize                    (abs)        000000
__size_of_EUSART1_SetErrorHandler               (abs)        000000
__size_of_EUSART1_SetFramingErrorHandler        (abs)        000000
__size_of_EUSART1_SetOverrunErrorHandler        (abs)        000000
__size_of_EXT_INT_Initialize                    (abs)        000000
__size_of_I2C1_Initialize                       (abs)        000000
__size_of_INT0_CallBack                         (abs)        000000
__size_of_INT0_DefaultInterruptHandler          (abs)        000000
__size_of_INT0_ISR                              (abs)        000000
__size_of_INT0_SetInterruptHandler              (abs)        000000
__size_of_INT1_CallBack                         (abs)        000000
__size_of_INT1_DefaultInterruptHandler          (abs)        000000
__size_of_INT1_ISR                              (abs)        000000
__size_of_INT1_SetInterruptHandler              (abs)        000000
__size_of_INT2_CallBack                         (abs)        000000
__size_of_INT2_DefaultInterruptHandler          (abs)        000000
__size_of_INT2_ISR                              (abs)        000000
__size_of_INT2_SetInterruptHandler              (abs)        000000
__size_of_INTERRUPT_Initialize                  (abs)        000000
__size_of_INTERRUPT_InterruptManager            (abs)        000000
__size_of_OSCILLATOR_Initialize                 (abs)        000000
__size_of_PIN_MANAGER_Initialize                (abs)        000000
__size_of_PMD_Initialize                        (abs)        000000
__size_of_SPI2_Initialize                       (abs)        000000
__size_of_SYSTEM_Initialize                     (abs)        000000
__size_of_TMR0_CallBack                         (abs)        000000
__size_of_TMR0_DefaultInterruptHandler          (abs)        000000
__size_of_TMR0_ISR                              (abs)        000000
__size_of_TMR0_Initialize                       (abs)        000000
__size_of_TMR0_SetInterruptHandler              (abs)        000000
__size_of_TMR0_StartTimer                       (abs)        000000
__size_of_main                                  (abs)        000000
__smallconst                                    smallconst   000F00
_eusart1RxLastError                             bssCOMRAM    00002B
_fsmStateTable                                  smallconst   000F01
_main                                           text0        001144
_rd1RegCompleteHandler                          (abs)        000000
_rd2RegCompleteHandler                          (abs)        000000
_rdBlkRegCompleteHandler                        (abs)        000000
_spi2_configuration                             smallconst   000F31
_wr1RegCompleteHandler                          (abs)        000000
_wr2RegCompleteHandler                          (abs)        000000
btemp                                           temp         000047
end_of_initialization                           cinit        001240
int$flags                                       temp         000047
intlevel0                                       text         000000
intlevel1                                       text         000000
intlevel2                                       text         000000
intlevel3                                       text         000000
isa$std                                         (abs)        000001
isa$xinst                                       (abs)        000000
stackhi                                         (abs)        000E87
stacklo                                         (abs)        000060
start                                           init         0000B0
start_initialization                            cinit        001234
ttemp5                                          temp         000048
ttemp6                                          temp         00004B
ttemp7                                          temp         00004F
wtemp8                                          temp         000048


MODULE INFORMATION

Module		Function		Class		Link	Load	Size
mcc_generated_files/i2c1_master.c
		_I2C1_Initialize		CODE           	124A	0000	20

mcc_generated_files/i2c1_master.c estimated size: 20

mcc_generated_files/interrupt_manager.c
		_INTERRUPT_Initialize		CODE           	12EC	0000	4
		_INTERRUPT_InterruptManager		CODE           	0008	0000	168

mcc_generated_files/interrupt_manager.c estimated size: 172

mcc_generated_files/tmr0.c
		_TMR0_SetInterruptHandler		CODE           	125E	0000	14
		_TMR0_DefaultInterruptHandler		CODE           	11DE	0000	34
		_TMR0_CallBack 		CODE           	1084	0000	48
		_TMR0_StartTimer		CODE           	12E8	0000	4
		_TMR0_ISR      		CODE           	12C0	0000	10
		_TMR0_Initialize		CODE           	116C	0000	40

mcc_generated_files/tmr0.c estimated size: 150

mcc_generated_files/pin_manager.c
		_PIN_MANAGER_Initialize		CODE           	0F36	0000	184

mcc_generated_files/pin_manager.c estimated size: 184

mcc_generated_files/ext_int.c
		_INT0_SetInterruptHandler		CODE           	1288	0000	14
		_INT1_SetInterruptHandler		CODE           	127A	0000	14
		_EXT_INT_Initialize		CODE           	0FEE	0000	76
		_INT2_SetInterruptHandler		CODE           	126C	0000	14
		_INT0_DefaultInterruptHandler		CODE           	12F4	0000	2
		_INT0_CallBack 		CODE           	1114	0000	48
		_INT1_DefaultInterruptHandler		CODE           	12F2	0000	2
		_INT1_CallBack 		CODE           	10E4	0000	48
		_INT2_DefaultInterruptHandler		CODE           	12F0	0000	2
		_INT2_CallBack 		CODE           	10B4	0000	48
		_INT0_ISR      		CODE           	12DE	0000	10
		_INT1_ISR      		CODE           	12D4	0000	10
		_INT2_ISR      		CODE           	12CA	0000	10

mcc_generated_files/ext_int.c estimated size: 298

shared
		__initialization		CODE           	1234	0000	12
		_fsmStateTable 		SMALLCONST     	0F01	0000	48
		_spi2_configuration		SMALLCONST     	0F31	0000	4

shared estimated size: 64

mcc_generated_files/eusart1.c
		_EUSART1_Initialize		CODE           	103A	0000	74
		_EUSART1_SetFramingErrorHandler		CODE           	12A4	0000	14
		_EUSART1_SetOverrunErrorHandler		CODE           	1296	0000	14
		_EUSART1_SetErrorHandler		CODE           	12B2	0000	14

mcc_generated_files/eusart1.c estimated size: 116

mcc_generated_files/mcc.c
		_PMD_Initialize		CODE           	1200	0000	28
		_OSCILLATOR_Initialize		CODE           	121C	0000	24
		_SYSTEM_Initialize		CODE           	1194	0000	38

mcc_generated_files/mcc.c estimated size: 90

mcc_generated_files/spi2.c
		_SPI2_Initialize		CODE           	11BA	0000	36

mcc_generated_files/spi2.c estimated size: 36

main.c
		_main          		CODE           	1144	0000	40

main.c estimated size: 40

