Microchip MPLAB XC8 Compiler V2.50

Linker command line:

-W-3 \
  --edf=/Users/lingzhou/.mchp_packs/Microchip/PIC18F-Q_DFP/1.27.449/xc8/pic/dat/20250204174324_en.msgs \
  -pivt0x8=08h -cn \
  -h+dist/default/production/PIC18F56Q71_LP_ADC.X.production.sym \
  --cmf=dist/default/production/PIC18F56Q71_LP_ADC.X.production.cmf -z \
  -Q18F56Q71 -o/tmp/xcBfDcc38/driver_tmp_3.o --defsym=__MPLAB_BUILD=1 \
  --fixupoverflow=error \
  -Mdist/default/production/PIC18F56Q71_LP_ADC.X.production.map \
  --md=/tmp/xcBfDcc38/driver_tmp_0.dat -E1 -ver=XC8 Compiler --acfsm=1493 \
  -ACODE=00h-0FFFFh -ACONST=00h-0FFFFh -ASMALLCONST=01600h-016FFhx234 \
  -AMEDIUMCONST=01600h-0FFFFh -ACOMRAM=0501h-055Fh -AABS1=0500h-014FFh \
  -ABIGRAM=0501h-014FFh -ARAM=0560h-05FFh,0600h-06FFhx15 \
  -ABANK5=0560h-05FFh -ABANK6=0600h-06FFh -ABANK7=0700h-07FFh \
  -ABANK8=0800h-08FFh -ABANK9=0900h-09FFh -ABANK10=0A00h-0AFFh \
  -ABANK11=0B00h-0BFFh -ABANK12=0C00h-0CFFh -ABANK13=0D00h-0DFFh \
  -ABANK14=0E00h-0EFFh -ABANK15=0F00h-0FFFh -ABANK16=01000h-010FFh \
  -ABANK17=01100h-011FFh -ABANK18=01200h-012FFh -ABANK19=01300h-013FFh \
  -ABANK20=01400h-014FFh \
  -ASFR=00h-0FFhx4,0400h-045Fh,0460h-04FFh,01500h-015FFh \
  -ABIGSFR=00h-04FFh,01500h-015FFh -ACONFIG=0300000h-030000Bh \
  -AIDLOC=0200000h-020003Fh -AEEDATA=0380000h-03800FFh -peeprom_data=EEDATA \
  -preset_vec=00h -ppowerup=CODE,init -pramtop=01600h \
  -psmallconst=SMALLCONST -pmediumconst=MEDIUMCONST -pconst=CONST \
  -AFARRAM=00h-00h \
  -prdata=COMRAM,nvrram=COMRAM,nvbit=COMRAM,rbss=COMRAM,rbit=COMRAM \
  -pfarbss=FARRAM,fardata=FARRAM,nvFARRAM=FARRAM \
  -pintsave_regs=BIGRAM,bigbss=BIGRAM,bigdata=BIGRAM -pbss=RAM \
  -pidata=CODE,irdata=CODE,ibigdata=CODE,ifardata=CODE -prparam=COMRAM \
  /tmp/xcBfDcc38/driver_tmp_14.o \
  dist/default/production/PIC18F56Q71_LP_ADC.X.production.o 

Object code version is 3.11

Machine type is 18F56Q71



                Name                               Link     Load   Length Selector   Space Scale
/tmp/xcBfDcc38/driver_tmp_14.o
                config                           300000   300000        B        0       4
                init                                 1A       1A        4        4       0
                reset_vec                             0        0        4        0       0
dist/default/production/PIC18F56Q71_LP_ADC.X.production.o
                config                           300000   300000        B        0       4
                mediumconst                        FE5E     FE5E      1A2     7F2F       0
                ivt0x8                                8        8       12        4       0
                text43                              EE0      EE0       1A        4       0
                text42                              F10      F10       12        4       0
                text41                              D5E      D5E       2E        4       0
                text40                              F22      F22        E        4       0
                text39                              D30      D30       2E        4       0
                text38                              F96      F96        6        4       0
                text37                              D8C      D8C       2C        4       0
                text36                              F82      F82        8        4       0
                text35                              A38      A38       7E        4       0
                text34                              F70      F70        A        4       0
                text33                              F66      F66        A        4       0
                text32                              F3C      F3C        C        4       0
                text31                              F9C      F9C        4        4       0
                text30                              F30      F30        C        4       0
                text29                              F90      F90        6        4       0
                text28                              F8A      F8A        6        4       0
                text27                              9B0      9B0       88        4       0
                text26                              BE0      BE0       52        4       0
                text25                              EFA      EFA       16        4       0
                text24                              E08      E08       26        4       0
                text23                              F5C      F5C        A        4       0
                text22                              F52      F52        A        4       0
                text21                              F48      F48        A        4       0
                text20                              CC6      CC6       36        4       0
                text19                              90A      90A       A6        4       0
                text18                              E6E      E6E       1E        4       0
                text17                              EC4      EC4       1C        4       0
                text16                              EA8      EA8       1C        4       0
                text15                              E8C      E8C       1C        4       0
                text14                              B8E      B8E       52        4       0
                text13                              E2E      E2E       22        4       0
                text12                              79A      79A       C2        4       0
                text11                              85C      85C       AE        4       0
                text10                              AB6      AB6       74        4       0
                text9                               B2A      B2A       64        4       0
                text8                               CFC      CFC       34        4       0
                text7                               DE0      DE0       28        4       0
                text6                               F7A      F7A        8        4       0
                text5                               E50      E50       1E        4       0
                text4                               6D0      6D0       CA        4       0
                text3                                1E       1E      4C4        4       0
                text2                               C32      C32       50        4       0
                text1                               DB8      DB8       28        4       0
                text0                               4E2      4E2      1EE        4       0
                cstackCOMRAM                        501      501       32      501       1
                cstackBANK5                         580      580        2      560       1
                bssBANK5                            560      560       20      560       1
                dataCOMRAM                          558      558        2      501       1
                bssCOMRAM                           533      533       25      501       1
                cinit                               C82      C82       44        4       0
                idataCOMRAM                         FA0      FA0        2        4       0

TOTAL           Name                               Link     Load   Length     Space
        CLASS   CODE           
                init                                 1A       1A        4         0
                reset_vec                             0        0        4         0
                ivt0x8                                8        8       12         0
                text43                              EE0      EE0       1A         0
                text42                              F10      F10       12         0
                text41                              D5E      D5E       2E         0
                text40                              F22      F22        E         0
                text39                              D30      D30       2E         0
                text38                              F96      F96        6         0
                text37                              D8C      D8C       2C         0
                text36                              F82      F82        8         0
                text35                              A38      A38       7E         0
                text34                              F70      F70        A         0
                text33                              F66      F66        A         0
                text32                              F3C      F3C        C         0
                text31                              F9C      F9C        4         0
                text30                              F30      F30        C         0
                text29                              F90      F90        6         0
                text28                              F8A      F8A        6         0
                text27                              9B0      9B0       88         0
                text26                              BE0      BE0       52         0
                text25                              EFA      EFA       16         0
                text24                              E08      E08       26         0
                text23                              F5C      F5C        A         0
                text22                              F52      F52        A         0
                text21                              F48      F48        A         0
                text20                              CC6      CC6       36         0
                text19                              90A      90A       A6         0
                text18                              E6E      E6E       1E         0
                text17                              EC4      EC4       1C         0
                text16                              EA8      EA8       1C         0
                text15                              E8C      E8C       1C         0
                text14                              B8E      B8E       52         0
                text13                              E2E      E2E       22         0
                text12                              79A      79A       C2         0
                text11                              85C      85C       AE         0
                text10                              AB6      AB6       74         0
                text9                               B2A      B2A       64         0
                text8                               CFC      CFC       34         0
                text7                               DE0      DE0       28         0
                text6                               F7A      F7A        8         0
                text5                               E50      E50       1E         0
                text4                               6D0      6D0       CA         0
                text3                                1E       1E      4C4         0
                text2                               C32      C32       50         0
                text1                               DB8      DB8       28         0
                text0                               4E2      4E2      1EE         0
                cinit                               C82      C82       44         0
                idataCOMRAM                         FA0      FA0        2         0

        CLASS   CONST          

        CLASS   SMALLCONST     

        CLASS   MEDIUMCONST    
                mediumconst                        FE5E     FE5E      1A2         0

        CLASS   COMRAM         
                cstackCOMRAM                        501      501       32         1
                dataCOMRAM                          558      558        2         1
                bssCOMRAM                           533      533       25         1

        CLASS   ABS1           

        CLASS   BIGRAM         

        CLASS   RAM            

        CLASS   BANK5          
                cstackBANK5                         580      580        2         1
                bssBANK5                            560      560       20         1

        CLASS   BANK6          

        CLASS   BANK7          

        CLASS   BANK8          

        CLASS   BANK9          

        CLASS   BANK10         

        CLASS   BANK11         

        CLASS   BANK12         

        CLASS   BANK13         

        CLASS   BANK14         

        CLASS   BANK15         

        CLASS   BANK16         

        CLASS   BANK17         

        CLASS   BANK18         

        CLASS   BANK19         

        CLASS   BANK20         

        CLASS   SFR            

        CLASS   BIGSFR         

        CLASS   CONFIG         
                config                           300000   300000        B         4

        CLASS   IDLOC          

        CLASS   EEDATA         

        CLASS   FARRAM         

        CLASS   HEAP           

        CLASS   STACK          



SEGMENTS        Name                           Load    Length   Top    Selector   Space  Class

                reset_vec                      000000  000004  000004         0       0  CODE    
                bssBANK5                       000560  000022  000582       560       1  BANK5   
                cstackCOMRAM                   000501  000059  00055A       501       1  COMRAM  
                ivt0x8                         000008  000F9A  000FA2         4       0  CODE    
                mediumconst                    00FE5E  0001A2  010000      7F2F       0  MEDIUMCO


UNUSED ADDRESS RANGES

        Name                Unused          Largest block    Delta
        BANK10           000A00-000AFF              100
        BANK11           000B00-000BFF              100
        BANK12           000C00-000CFF              100
        BANK13           000D00-000DFF              100
        BANK14           000E00-000EFF              100
        BANK15           000F00-000FFF              100
        BANK16           001000-0010FF              100
        BANK17           001100-0011FF              100
        BANK18           001200-0012FF              100
        BANK19           001300-0013FF              100
        BANK20           001400-0014FF              100
        BANK5            000582-0005FF               7E
        BANK6            000600-0006FF              100
        BANK7            000700-0007FF              100
        BANK8            000800-0008FF              100
        BANK9            000900-0009FF              100
        BIGRAM           00055A-00055F                6
                         000582-0014FF              F7E
        BIGSFR           000000-0004FF              500
                         001500-0015FF              100
        CODE             000004-000007                4
                         000FA2-00FE5D             EEBC
        COMRAM           00055A-00055F                6
        CONFIG           30000B-30000B                1
        CONST            000004-000007                4
                         000FA2-00FE5D             EEBC
        EEDATA           380000-3800FF              100
        IDLOC            200000-20003F               40
        MEDIUMCONST      001600-00FE5D             E85E
        RAM              000582-0014FF              100
        SFR              000000-0004FF              100
                         001500-0015FF              100
        SMALLCONST       001600-00FE5D              100

                                  Symbol Table

?_ADC_ConversionResultGet                          cstackCOMRAM 000501
?___awdiv                                          cstackCOMRAM 000507
?___awmod                                          cstackCOMRAM 000507
?___lwdiv                                          cstackCOMRAM 000507
?___lwmod                                          cstackCOMRAM 000507
?_abs                                              cstackCOMRAM 00050D
?_printf                                           cstackCOMRAM 00052C
?_vfprintf                                         cstackCOMRAM 000524
ADC_Context1ThresholdCallbackRegister@callback     cstackCOMRAM 000507
ADC_ConversionDoneCallbackRegister@callback        cstackCOMRAM 000507
ADC_LowerThresholdSet@lowerThreshold               cstackCOMRAM 000507
ADC_UpperThresholdSet@upperThreshold               cstackCOMRAM 000507
INT0_SetInterruptHandler@InterruptHandler          cstackCOMRAM 000507
INT1_SetInterruptHandler@InterruptHandler          cstackCOMRAM 000507
INT2_SetInterruptHandler@InterruptHandler          cstackCOMRAM 000507
IVTBASEH                                           (abs)        00045E
IVTBASEL                                           (abs)        00045D
IVTBASEU                                           (abs)        00045F
UART2_FramingErrorCallbackRegister@callbackHandler cstackCOMRAM 000507
UART2_OverrunErrorCallbackRegister@callbackHandler cstackCOMRAM 000507
UART2_ParityErrorCallbackRegister@callbackHandler  cstackCOMRAM 000507
UART2_Write@txData                                 cstackCOMRAM 000507
_ACTCON                                            (abs)        0000AC
_ADACCH                                            (abs)        0003E4
_ADACCL                                            (abs)        0003E3
_ADACCU                                            (abs)        0003E5
_ADACQH                                            (abs)        0003EF
_ADACQL                                            (abs)        0003EE
_ADACT                                             (abs)        0003F9
_ADCAP                                             (abs)        0003F0
_ADCGA                                             (abs)        000110
_ADCGB                                             (abs)        000111
_ADCGC                                             (abs)        000112
_ADCGD                                             (abs)        000113
_ADCGE                                             (abs)        000114
_ADCLK                                             (abs)        0003FA
_ADCNT                                             (abs)        0003E6
_ADCON0                                            (abs)        0003F3
_ADCON0bits                                        (abs)        0003F3
_ADCON1                                            (abs)        0003F4
_ADCON1bits                                        (abs)        0003F4
_ADCON2                                            (abs)        0003F5
_ADCON2bits                                        (abs)        0003F5
_ADCON3                                            (abs)        0003F6
_ADCON3bits                                        (abs)        0003F6
_ADCSEL1                                           (abs)        0003FC
_ADCSEL1bits                                       (abs)        0003FC
_ADCTX                                             (abs)        0003FB
_ADC_Context1ThresholdCallback                     bssCOMRAM    00054B
_ADC_Context1ThresholdCallbackRegister             text34       000F70
_ADC_Context1ThresholdISR                          text41       000D5E
_ADC_ConversionDoneCallback                        bssCOMRAM    00054D
_ADC_ConversionDoneCallbackRegister                text33       000F66
_ADC_ConversionResultGet                           text43       000EE0
_ADC_Hi_Res_raw                                    bssCOMRAM    000537
_ADC_ISR                                           text39       000D30
_ADC_Initialize                                    text27       0009B0
_ADC_LowerThresholdSet                             text32       000F3C
_ADC_Res_raw                                       bssCOMRAM    000539
_ADC_ResolutionGet                                 text31       000F9C
_ADC_UpperThresholdSet                             text30       000F30
_ADC_conversion_finish_ISR                         text40       000F22
_ADC_pressure_high_ISR                             text42       000F10
_ADC_threshold_Hi_flag                             bssCOMRAM    000550
_ADERRH                                            (abs)        0003DE
_ADERRL                                            (abs)        0003DD
_ADFLTRH                                           (abs)        0003E2
_ADFLTRL                                           (abs)        0003E1
_ADLTHH                                            (abs)        0003DA
_ADLTHL                                            (abs)        0003D9
_ADNCH                                             (abs)        0003ED
_ADPCH                                             (abs)        0003EC
_ADPREH                                            (abs)        0003F2
_ADPREL                                            (abs)        0003F1
_ADPREVH                                           (abs)        0003E9
_ADPREVL                                           (abs)        0003E8
_ADREF                                             (abs)        0003F8
_ADRESH                                            (abs)        0003EB
_ADRESL                                            (abs)        0003EA
_ADRPT                                             (abs)        0003E7
_ADSTAT                                            (abs)        0003F7
_ADSTATbits                                        (abs)        0003F7
_ADSTPTH                                           (abs)        0003E0
_ADSTPTL                                           (abs)        0003DF
_ADUTHH                                            (abs)        0003DC
_ADUTHL                                            (abs)        0003DB
_ANSELA                                            (abs)        000400
_ANSELB                                            (abs)        000408
_ANSELC                                            (abs)        000410
_ANSELD                                            (abs)        000418
_ANSELE                                            (abs)        000420
_ANSELF                                            (abs)        000428
_APMCLK                                            (abs)        0001D8
_APMCON                                            (abs)        0001C0
_APMCONbits                                        (abs)        0001C0
_APMEND1H                                          (abs)        0001CF
_APMEND1L                                          (abs)        0001CE
_APMEND1U                                          (abs)        0001D0
_APMEND2H                                          (abs)        0001D4
_APMEND2L                                          (abs)        0001D3
_APMEND2U                                          (abs)        0001D5
_APMPERE1H                                         (abs)        0001D2
_APMPERE1L                                         (abs)        0001D1
_APMPERE2H                                         (abs)        0001D7
_APMPERE2L                                         (abs)        0001D6
_APMPERH                                           (abs)        0001C4
_APMPERL                                           (abs)        0001C3
_APMPERS1H                                         (abs)        0001C8
_APMPERS1L                                         (abs)        0001C7
_APMPERS2H                                         (abs)        0001CD
_APMPERS2L                                         (abs)        0001CC
_APMPREH                                           (abs)        0001C2
_APMPREL                                           (abs)        0001C1
_APMSTART1H                                        (abs)        0001C6
_APMSTART1L                                        (abs)        0001C5
_APMSTART2H                                        (abs)        0001CA
_APMSTART2L                                        (abs)        0001C9
_APMSTART2U                                        (abs)        0001CB
_APMSTATUSH                                        (abs)        0001DA
_APMSTATUSL                                        (abs)        0001D9
_APM_EN                                            bssCOMRAM    000551
_APM_Initialize                                    text26       000BE0
_APM_Start                                         text29       000F90
_APM_Stop                                          text28       000F8A
_CLOCK_Initialize                                  text25       000EFA
_CPU_Initialize                                    text24       000E08
_DMA1PR                                            (abs)        0000B6
_DMA2PR                                            (abs)        0000B7
_DMA3PR                                            (abs)        0000B8
_DMA4PR                                            (abs)        0000B9
_FSCMCON                                           (abs)        000458
_INLVLA                                            (abs)        000404
_INLVLB                                            (abs)        00040C
_INLVLC                                            (abs)        000414
_INLVLD                                            (abs)        00041C
_INLVLE                                            (abs)        000424
_INLVLF                                            (abs)        00042C
_INT0PPS                                           (abs)        00023E
_INT0_CallBack                                     text37       000D8C
_INT0_DefaultInterruptHandler                      text38       000F96
_INT0_ISR                                          text36       000F82
_INT0_InterruptHandler                             bssCOMRAM    000549
_INT0_SetInterruptHandler                          text23       000F5C
_INT0_flag                                         bssCOMRAM    000553
_INT1_DefaultInterruptHandler                      (abs)        000000
_INT1_InterruptHandler                             bssCOMRAM    000547
_INT1_SetInterruptHandler                          text22       000F52
_INT2_DefaultInterruptHandler                      (abs)        000000
_INT2_InterruptHandler                             bssCOMRAM    000545
_INT2_SetInterruptHandler                          text21       000F48
_INTCON0bits                                       (abs)        0004D6
_INTERRUPT_Initialize                              text20       000CC6
_INTERRUPT_InterruptManager                        text35       000A38
_IOCAF                                             (abs)        000407
_IOCAN                                             (abs)        000406
_IOCAP                                             (abs)        000405
_IOCBF                                             (abs)        00040F
_IOCBN                                             (abs)        00040E
_IOCBP                                             (abs)        00040D
_IOCCF                                             (abs)        000417
_IOCCN                                             (abs)        000416
_IOCCP                                             (abs)        000415
_IOCEF                                             (abs)        000427
_IOCEN                                             (abs)        000426
_IOCEP                                             (abs)        000425
_IOCWF                                             (abs)        00043F
_IOCWN                                             (abs)        00043E
_IOCWP                                             (abs)        00043D
_ISRPR                                             (abs)        0000BF
_LATA                                              (abs)        000140
_LATB                                              (abs)        000141
_LATC                                              (abs)        000142
_LATCbits                                          (abs)        000142
_LATD                                              (abs)        000143
_LATE                                              (abs)        000144
_LATF                                              (abs)        000145
_MAINPR                                            (abs)        0000BE
_ODCONA                                            (abs)        000402
_ODCONB                                            (abs)        00040A
_ODCONC                                            (abs)        000412
_ODCOND                                            (abs)        00041A
_ODCONE                                            (abs)        000422
_ODCONF                                            (abs)        00042A
_OSCCON1                                           (abs)        0000AD
_OSCCON3                                           (abs)        0000AF
_OSCEN                                             (abs)        0000B3
_OSCFRQ                                            (abs)        0000B1
_OSCTUNE                                           (abs)        0000B0
_PIE1bits                                          (abs)        0004A8
_PIN_MANAGER_Initialize                            text19       00090A
_PIR10bits                                         (abs)        0004BC
_PIR1bits                                          (abs)        0004B3
_PIR6bits                                          (abs)        0004B8
_PMD0                                              (abs)        000062
_PMD1                                              (abs)        000063
_PMD2                                              (abs)        000064
_PMD3                                              (abs)        000065
_PMD4                                              (abs)        000066
_PMD5                                              (abs)        000067
_PMD6                                              (abs)        000068
_PMD_Initialize                                    text18       000E6E
_PRLOCK                                            (abs)        0000B4
_PRODH                                             (abs)        0004F4
_PRODL                                             (abs)        0004F3
_RB1I2C                                            (abs)        000286
_RB2I2C                                            (abs)        000285
_RB4PPS                                            (abs)        00020D
_RC3I2C                                            (abs)        000288
_RC4I2C                                            (abs)        000287
_SCANPR                                            (abs)        0000B5
_SLRCONA                                           (abs)        000403
_SLRCONB                                           (abs)        00040B
_SLRCONC                                           (abs)        000413
_SLRCOND                                           (abs)        00041B
_SLRCONE                                           (abs)        000423
_SLRCONF                                           (abs)        00042B
_SW0_pressed                                       bssCOMRAM    000552
_SWDTEN                                            (abs)        0003C0
_SYSTEM_Initialize                                 text13       000E2E
_TRISA                                             (abs)        000148
_TRISB                                             (abs)        000149
_TRISC                                             (abs)        00014A
_TRISD                                             (abs)        00014B
_TRISE                                             (abs)        00014C
_TRISF                                             (abs)        00014D
_U2BRGH                                            (abs)        0002C2
_U2BRGL                                            (abs)        0002C1
_U2CON0                                            (abs)        0002BE
_U2CON0bits                                        (abs)        0002BE
_U2CON1                                            (abs)        0002BF
_U2CON1bits                                        (abs)        0002BF
_U2CON2                                            (abs)        0002C0
_U2ERRIE                                           (abs)        0002C6
_U2ERRIR                                           (abs)        0002C5
_U2ERRIRbits                                       (abs)        0002C5
_U2FIFO                                            (abs)        0002C3
_U2FIFObits                                        (abs)        0002C3
_U2P1L                                             (abs)        0002B8
_U2P2L                                             (abs)        0002BA
_U2P3L                                             (abs)        0002BC
_U2RXB                                             (abs)        0002B4
_U2RXPPS                                           (abs)        000274
_U2TXB                                             (abs)        0002B6
_U2UIR                                             (abs)        0002C4
_U2UIRbits                                         (abs)        0002C4
_UART2                                             mediumconst  00FE5F
_UART2_AutoBaudQuery                               (abs)        000000
_UART2_AutoBaudSet                                 (abs)        000000
_UART2_DefaultFramingErrorCallback                 (abs)        000000
_UART2_DefaultOverrunErrorCallback                 (abs)        000000
_UART2_DefaultParityErrorCallback                  (abs)        000000
_UART2_Deinitialize                                (abs)        000000
_UART2_ErrorGet                                    (abs)        000000
_UART2_FramingErrorCallbackRegister                text17       000EC4
_UART2_FramingErrorHandler                         bssCOMRAM    000541
_UART2_Initialize                                  text14       000B8E
_UART2_IsRxReady                                   (abs)        000000
_UART2_IsTxDone                                    (abs)        000000
_UART2_IsTxReady                                   text7        000DE0
_UART2_IsTxReady$1584                              cstackCOMRAM 000507
_UART2_OverrunErrorCallbackRegister                text16       000EA8
_UART2_OverrunErrorHandler                         bssCOMRAM    00053F
_UART2_ParityErrorCallbackRegister                 text15       000E8C
_UART2_ParityErrorHandler                          bssCOMRAM    00053D
_UART2_Read                                        (abs)        000000
_UART2_TransmitDisable                             (abs)        000000
_UART2_TransmitEnable                              (abs)        000000
_UART2_Write                                       text6        000F7A
_WPUA                                              (abs)        000401
_WPUB                                              (abs)        000409
_WPUC                                              (abs)        000411
_WPUD                                              (abs)        000419
_WPUE                                              (abs)        000421
_WPUF                                              (abs)        000429
_Zeit_delay_ms                                     dataCOMRAM   000558
__HRAM                                             (abs)        000000
__H__absolute__                                    __absolute__ 000000
__Habs1                                            abs1         000000
__Hbank10                                          bank10       000000
__Hbank11                                          bank11       000000
__Hbank12                                          bank12       000000
__Hbank13                                          bank13       000000
__Hbank14                                          bank14       000000
__Hbank15                                          bank15       000000
__Hbank16                                          bank16       000000
__Hbank17                                          bank17       000000
__Hbank18                                          bank18       000000
__Hbank19                                          bank19       000000
__Hbank20                                          bank20       000000
__Hbank5                                           bank5        000000
__Hbank6                                           bank6        000000
__Hbank7                                           bank7        000000
__Hbank8                                           bank8        000000
__Hbank9                                           bank9        000000
__Hbigbss                                          bigbss       000000
__Hbigdata                                         bigdata      000000
__Hbigram                                          bigram       000000
__Hbigsfr                                          bigsfr       000000
__Hbss                                             bss          000000
__HbssBANK5                                        bssBANK5     000000
__HbssCOMRAM                                       bssCOMRAM    000000
__Hcinit                                           cinit        000000
__Hclrtext                                         clrtext      000000
__Hcomram                                          comram       000000
__Hconfig                                          config       30000B
__Hconst                                           const        000000
__HcstackBANK5                                     cstackBANK5  000000
__HcstackCOMRAM                                    cstackCOMRAM 000000
__Hdata                                            data         000000
__HdataCOMRAM                                      dataCOMRAM   000000
__Heeprom_data                                     eeprom_data  000000
__Hfarbss                                          farbss       000000
__Hfardata                                         fardata      000000
__Hheap                                            heap         000000
__Hibigdata                                        ibigdata     000000
__Hidata                                           idata        000000
__HidataCOMRAM                                     idataCOMRAM  000000
__Hidloc                                           idloc        000000
__Hifardata                                        ifardata     000000
__Hinit                                            init         00001E
__Hintsave_regs                                    intsave_regs 000000
__Hirdata                                          irdata       000000
__Hivt0x8                                          ivt0x8       00001A
__Hmediumconst                                     mediumconst  010000
__HnvFARRAM                                        nvFARRAM     000000
__Hnvbit                                           nvbit        000000
__Hnvrram                                          nvrram       000000
__Hparam                                           rparam       000000
__Hpowerup                                         powerup      000000
__Hram                                             ram          000000
__Hramtop                                          ramtop       001600
__Hrbit                                            rbit         000000
__Hrbss                                            rbss         000000
__Hrdata                                           rdata        000000
__Hreset_vec                                       reset_vec    000004
__Hrparam                                          rparam       000000
__Hsfr                                             sfr          000000
__Hsmallconst                                      smallconst   000000
__Hspace_0                                         (abs)        010000
__Hspace_1                                         (abs)        000582
__Hspace_2                                         (abs)        000000
__Hspace_4                                         (abs)        60000B
__Hstack                                           stack        000000
__Hstruct                                          struct       000000
__Htemp                                            temp         000000
__Htext                                            text         000000
__Htext0                                           text0        000000
__Htext1                                           text1        000000
__Htext10                                          text10       000000
__Htext11                                          text11       000000
__Htext12                                          text12       000000
__Htext13                                          text13       000000
__Htext14                                          text14       000000
__Htext15                                          text15       000000
__Htext16                                          text16       000000
__Htext17                                          text17       000000
__Htext18                                          text18       000000
__Htext19                                          text19       000000
__Htext2                                           text2        000000
__Htext20                                          text20       000000
__Htext21                                          text21       000000
__Htext22                                          text22       000000
__Htext23                                          text23       000000
__Htext24                                          text24       000000
__Htext25                                          text25       000000
__Htext26                                          text26       000000
__Htext27                                          text27       000000
__Htext28                                          text28       000000
__Htext29                                          text29       000000
__Htext3                                           text3        000000
__Htext30                                          text30       000000
__Htext31                                          text31       000000
__Htext32                                          text32       000000
__Htext33                                          text33       000000
__Htext34                                          text34       000000
__Htext35                                          text35       000000
__Htext36                                          text36       000000
__Htext37                                          text37       000000
__Htext38                                          text38       000000
__Htext39                                          text39       000000
__Htext4                                           text4        000000
__Htext40                                          text40       000000
__Htext41                                          text41       000000
__Htext42                                          text42       000000
__Htext43                                          text43       000000
__Htext5                                           text5        000000
__Htext6                                           text6        000000
__Htext7                                           text7        000000
__Htext8                                           text8        000000
__Htext9                                           text9        000000
__LRAM                                             (abs)        000001
__L__absolute__                                    __absolute__ 000000
__Labs1                                            abs1         000000
__Lbank10                                          bank10       000000
__Lbank11                                          bank11       000000
__Lbank12                                          bank12       000000
__Lbank13                                          bank13       000000
__Lbank14                                          bank14       000000
__Lbank15                                          bank15       000000
__Lbank16                                          bank16       000000
__Lbank17                                          bank17       000000
__Lbank18                                          bank18       000000
__Lbank19                                          bank19       000000
__Lbank20                                          bank20       000000
__Lbank5                                           bank5        000000
__Lbank6                                           bank6        000000
__Lbank7                                           bank7        000000
__Lbank8                                           bank8        000000
__Lbank9                                           bank9        000000
__Lbigbss                                          bigbss       000000
__Lbigdata                                         bigdata      000000
__Lbigram                                          bigram       000000
__Lbigsfr                                          bigsfr       000000
__Lbss                                             bss          000000
__LbssBANK5                                        bssBANK5     000000
__LbssCOMRAM                                       bssCOMRAM    000000
__Lcinit                                           cinit        000000
__Lclrtext                                         clrtext      000000
__Lcomram                                          comram       000000
__Lconfig                                          config       000000
__Lconst                                           const        000000
__LcstackBANK5                                     cstackBANK5  000000
__LcstackCOMRAM                                    cstackCOMRAM 000000
__Ldata                                            data         000000
__LdataCOMRAM                                      dataCOMRAM   000000
__Leeprom_data                                     eeprom_data  000000
__Lfarbss                                          farbss       000000
__Lfardata                                         fardata      000000
__Lheap                                            heap         000000
__Libigdata                                        ibigdata     000000
__Lidata                                           idata        000000
__LidataCOMRAM                                     idataCOMRAM  000000
__Lidloc                                           idloc        000000
__Lifardata                                        ifardata     000000
__Linit                                            init         00001A
__Lintsave_regs                                    intsave_regs 000000
__Lirdata                                          irdata       000000
__Livt0x8                                          ivt0x8       000008
__Lmediumconst                                     mediumconst  00FE5E
__LnvFARRAM                                        nvFARRAM     000000
__Lnvbit                                           nvbit        000000
__Lnvrram                                          nvrram       000000
__Lparam                                           rparam       000000
__Lpowerup                                         powerup      000000
__Lram                                             ram          000000
__Lramtop                                          ramtop       001600
__Lrbit                                            rbit         000000
__Lrbss                                            rbss         000000
__Lrdata                                           rdata        000000
__Lreset_vec                                       reset_vec    000000
__Lrparam                                          rparam       000000
__Lsfr                                             sfr          000000
__Lsmallconst                                      smallconst   000000
__Lspace_0                                         (abs)        000000
__Lspace_1                                         (abs)        000000
__Lspace_2                                         (abs)        000000
__Lspace_4                                         (abs)        000000
__Lstack                                           stack        000000
__Lstruct                                          struct       000000
__Ltemp                                            temp         000000
__Ltext                                            text         000000
__Ltext0                                           text0        000000
__Ltext1                                           text1        000000
__Ltext10                                          text10       000000
__Ltext11                                          text11       000000
__Ltext12                                          text12       000000
__Ltext13                                          text13       000000
__Ltext14                                          text14       000000
__Ltext15                                          text15       000000
__Ltext16                                          text16       000000
__Ltext17                                          text17       000000
__Ltext18                                          text18       000000
__Ltext19                                          text19       000000
__Ltext2                                           text2        000000
__Ltext20                                          text20       000000
__Ltext21                                          text21       000000
__Ltext22                                          text22       000000
__Ltext23                                          text23       000000
__Ltext24                                          text24       000000
__Ltext25                                          text25       000000
__Ltext26                                          text26       000000
__Ltext27                                          text27       000000
__Ltext28                                          text28       000000
__Ltext29                                          text29       000000
__Ltext3                                           text3        000000
__Ltext30                                          text30       000000
__Ltext31                                          text31       000000
__Ltext32                                          text32       000000
__Ltext33                                          text33       000000
__Ltext34                                          text34       000000
__Ltext35                                          text35       000000
__Ltext36                                          text36       000000
__Ltext37                                          text37       000000
__Ltext38                                          text38       000000
__Ltext39                                          text39       000000
__Ltext4                                           text4        000000
__Ltext40                                          text40       000000
__Ltext41                                          text41       000000
__Ltext42                                          text42       000000
__Ltext43                                          text43       000000
__Ltext5                                           text5        000000
__Ltext6                                           text6        000000
__Ltext7                                           text7        000000
__Ltext8                                           text8        000000
__Ltext9                                           text9        000000
__S0                                               (abs)        010000
__S1                                               (abs)        000582
__S4                                               (abs)        000000
__S5                                               (abs)        000000
___awdiv                                           text12       00079A
___awdiv@counter                                   cstackCOMRAM 00050B
___awdiv@dividend                                  cstackCOMRAM 000507
___awdiv@divisor                                   cstackCOMRAM 000509
___awdiv@quotient                                  cstackCOMRAM 00050D
___awdiv@sign                                      cstackCOMRAM 00050C
___awmod                                           text11       00085C
___awmod@counter                                   cstackCOMRAM 00050B
___awmod@dividend                                  cstackCOMRAM 000507
___awmod@divisor                                   cstackCOMRAM 000509
___awmod@sign                                      cstackCOMRAM 00050C
___heap_hi                                         (abs)        000000
___heap_lo                                         (abs)        000000
___inthi_sp                                        stack        000000
___inthi_stack_hi                                  stack        000000
___inthi_stack_lo                                  stack        000000
___intlo_sp                                        stack        000000
___intlo_stack_hi                                  stack        000000
___intlo_stack_lo                                  stack        000000
___lwdiv                                           text10       000AB6
___lwdiv@counter                                   cstackCOMRAM 00050B
___lwdiv@dividend                                  cstackCOMRAM 000507
___lwdiv@divisor                                   cstackCOMRAM 000509
___lwdiv@quotient                                  cstackCOMRAM 00050C
___lwmod                                           text9        000B2A
___lwmod@counter                                   cstackCOMRAM 00050B
___lwmod@dividend                                  cstackCOMRAM 000507
___lwmod@divisor                                   cstackCOMRAM 000509
___param_bank                                      (abs)        000000
___rparam_used                                     (abs)        000001
___sp                                              stack        000000
___stack_hi                                        stack        000000
___stack_lo                                        stack        000000
__accesstop                                        (abs)        000560
__activetblptr                                     (abs)        000003
__end_of_ADC_Context1ThresholdCallbackRegister     text34       000F7A
__end_of_ADC_Context1ThresholdISR                  text41       000D8C
__end_of_ADC_ConversionDoneCallbackRegister        text33       000F70
__end_of_ADC_ConversionResultGet                   text43       000EFA
__end_of_ADC_ISR                                   text39       000D5E
__end_of_ADC_Initialize                            text27       000A38
__end_of_ADC_LowerThresholdSet                     text32       000F48
__end_of_ADC_ResolutionGet                         text31       000FA0
__end_of_ADC_UpperThresholdSet                     text30       000F3C
__end_of_ADC_conversion_finish_ISR                 text40       000F30
__end_of_ADC_pressure_high_ISR                     text42       000F22
__end_of_APM_Initialize                            text26       000C32
__end_of_APM_Start                                 text29       000F96
__end_of_APM_Stop                                  text28       000F90
__end_of_CLOCK_Initialize                          text25       000F10
__end_of_CPU_Initialize                            text24       000E2E
__end_of_INT0_CallBack                             text37       000DB8
__end_of_INT0_DefaultInterruptHandler              text38       000F9C
__end_of_INT0_ISR                                  text36       000F8A
__end_of_INT0_SetInterruptHandler                  text23       000F66
__end_of_INT1_SetInterruptHandler                  text22       000F5C
__end_of_INT2_SetInterruptHandler                  text21       000F52
__end_of_INTERRUPT_Initialize                      text20       000CFC
__end_of_INTERRUPT_InterruptManager                text35       000AB6
__end_of_PIN_MANAGER_Initialize                    text19       0009B0
__end_of_PMD_Initialize                            text18       000E8C
__end_of_SYSTEM_Initialize                         text13       000E50
__end_of_UART2                                     mediumconst  00FE8F
__end_of_UART2_FramingErrorCallbackRegister        text17       000EE0
__end_of_UART2_Initialize                          text14       000BE0
__end_of_UART2_IsTxReady                           text7        000E08
__end_of_UART2_OverrunErrorCallbackRegister        text16       000EC4
__end_of_UART2_ParityErrorCallbackRegister         text15       000EA8
__end_of_UART2_Write                               text6        000F82
__end_of___awdiv                                   text12       00085C
__end_of___awmod                                   text11       00090A
__end_of___lwdiv                                   text10       000B2A
__end_of___lwmod                                   text9        000B8E
__end_of__initialization                           cinit        000CC0
__end_of_abs                                       text8        000D30
__end_of_fputc                                     text4        00079A
__end_of_main                                      text0        0006D0
__end_of_printf                                    text1        000DE0
__end_of_putch                                     text5        000E6E
__end_of_vfpfcnvrt                                 text3        0004E2
__end_of_vfprintf                                  text2        000C82
__initialization                                   cinit        000C82
__mediumconst                                      mediumconst  00FE5E
__pbssBANK5                                        bssBANK5     000560
__pbssCOMRAM                                       bssCOMRAM    000533
__pcinit                                           cinit        000C82
__pcstackBANK5                                     cstackBANK5  000580
__pcstackCOMRAM                                    cstackCOMRAM 000501
__pdataCOMRAM                                      dataCOMRAM   000558
__pidataCOMRAM                                     idataCOMRAM  000FA0
__pivt0x8                                          ivt0x8       000008
__pmediumconst                                     mediumconst  00FE5E
__ptext0                                           text0        0004E2
__ptext1                                           text1        000DB8
__ptext10                                          text10       000AB6
__ptext11                                          text11       00085C
__ptext12                                          text12       00079A
__ptext13                                          text13       000E2E
__ptext14                                          text14       000B8E
__ptext15                                          text15       000E8C
__ptext16                                          text16       000EA8
__ptext17                                          text17       000EC4
__ptext18                                          text18       000E6E
__ptext19                                          text19       00090A
__ptext2                                           text2        000C32
__ptext20                                          text20       000CC6
__ptext21                                          text21       000F48
__ptext22                                          text22       000F52
__ptext23                                          text23       000F5C
__ptext24                                          text24       000E08
__ptext25                                          text25       000EFA
__ptext26                                          text26       000BE0
__ptext27                                          text27       0009B0
__ptext28                                          text28       000F8A
__ptext29                                          text29       000F90
__ptext3                                           text3        00001E
__ptext30                                          text30       000F30
__ptext31                                          text31       000F9C
__ptext32                                          text32       000F3C
__ptext33                                          text33       000F66
__ptext34                                          text34       000F70
__ptext35                                          text35       000A38
__ptext36                                          text36       000F82
__ptext37                                          text37       000D8C
__ptext38                                          text38       000F96
__ptext39                                          text39       000D30
__ptext4                                           text4        0006D0
__ptext40                                          text40       000F22
__ptext41                                          text41       000D5E
__ptext42                                          text42       000F10
__ptext43                                          text43       000EE0
__ptext5                                           text5        000E50
__ptext6                                           text6        000F7A
__ptext7                                           text7        000DE0
__ptext8                                           text8        000CFC
__ptext9                                           text9        000B2A
__ramtop                                           ramtop       001600
__smallconst                                       smallconst   000000
_abs                                               text8        000CFC
_dbuf                                              bssBANK5     000560
_flags                                             bssCOMRAM    00054F
_fputc                                             text4        0006D0
_main                                              text0        0004E2
_prec                                              bssCOMRAM    000535
_printf                                            text1        000DB8
_putch                                             text5        000E50
_run_cnt                                           bssCOMRAM    00053B
_uart2RxLastError                                  bssCOMRAM    000543
_version_buf                                       bssCOMRAM    000554
_vfpfcnvrt                                         text3        00001E
_vfprintf                                          text2        000C32
_width                                             bssCOMRAM    000533
abs@a                                              cstackCOMRAM 00050D
end_of_initialization                              cinit        000CC0
fputc@c                                            cstackCOMRAM 000509
fputc@fp                                           cstackCOMRAM 00050B
intlevel0                                          text         000000
intlevel1                                          text         000000
intlevel2                                          text         000000
intlevel3                                          text         000000
isa$std                                            (abs)        000001
isa$xinst                                          (abs)        000000
ivt0x8_base                                        ivt0x8       000008
printf@ap                                          cstackBANK5  000580
printf@fmt                                         cstackCOMRAM 00052C
putch@txData                                       cstackCOMRAM 000508
stackhi                                            (abs)        000000
stacklo                                            (abs)        000000
start                                              init         00001A
start_initialization                               cinit        000C82
vfpfcnvrt@ap                                       cstackCOMRAM 000516
vfpfcnvrt@c                                        cstackCOMRAM 000523
vfpfcnvrt@convarg                                  cstackCOMRAM 00051F
vfpfcnvrt@cp                                       cstackCOMRAM 00051D
vfpfcnvrt@cp_2223                                  cstackCOMRAM 00051A
vfpfcnvrt@done                                     cstackCOMRAM 00051C
vfpfcnvrt@fmt                                      cstackCOMRAM 000514
vfpfcnvrt@fp                                       cstackCOMRAM 000512
vfprintf@ap                                        cstackCOMRAM 000528
vfprintf@cfmt                                      cstackCOMRAM 00052A
vfprintf@fmt                                       cstackCOMRAM 000526
vfprintf@fp                                        cstackCOMRAM 000524


MODULE INFORMATION

Module		Function		Class		Link	Load	Size
/Applications/microchip/xc8/v2.50/pic/sources/c99/common/abs.c
		_abs           		CODE           	0CFC	0000	52

/Applications/microchip/xc8/v2.50/pic/sources/c99/common/abs.c estimated size: 52

/Applications/microchip/xc8/v2.50/pic/sources/c99/common/awmod.c
		___awmod       		CODE           	085C	0000	174

/Applications/microchip/xc8/v2.50/pic/sources/c99/common/awmod.c estimated size: 174

/Applications/microchip/xc8/v2.50/pic/sources/c99/common/lwdiv.c
		___lwdiv       		CODE           	0AB6	0000	116

/Applications/microchip/xc8/v2.50/pic/sources/c99/common/lwdiv.c estimated size: 116

mcc_generated_files/system/src/interrupt.c
		_INT0_SetInterruptHandler		CODE           	0F5C	0000	10
		_INT1_SetInterruptHandler		CODE           	0F52	0000	10
		_INT2_SetInterruptHandler		CODE           	0F48	0000	10
		_INTERRUPT_Initialize		CODE           	0CC6	0000	54
		_INT0_DefaultInterruptHandler		CODE           	0F96	0000	6
		_INT0_CallBack 		CODE           	0D8C	0000	44
		_INTERRUPT_InterruptManager		CODE           	0A38	0000	126
		_INT0_ISR      		CODE           	0F82	0000	8

mcc_generated_files/system/src/interrupt.c estimated size: 268

/Applications/microchip/xc8/v2.50/pic/sources/c99/common/printf.c
		_printf        		CODE           	0DB8	0000	40

/Applications/microchip/xc8/v2.50/pic/sources/c99/common/printf.c estimated size: 40

mcc_generated_files/adc/src/adc.c
		_ADC_LowerThresholdSet		CODE           	0F3C	0000	12
		_ADC_UpperThresholdSet		CODE           	0F30	0000	12
		_ADC_Initialize		CODE           	09B0	0000	136
		_ADC_ConversionDoneCallbackRegister		CODE           	0F66	0000	10
		_ADC_Context1ThresholdCallbackRegister		CODE           	0F70	0000	10
		_ADC_ResolutionGet		CODE           	0F9C	0000	4
		_ADC_Context1ThresholdISR		CODE           	0D5E	0000	46
		_ADC_ISR       		CODE           	0D30	0000	46
		_ADC_ConversionResultGet		CODE           	0EE0	0000	26

mcc_generated_files/adc/src/adc.c estimated size: 302

/Applications/microchip/xc8/v2.50/pic/sources/c99/common/awdiv.c
		___awdiv       		CODE           	079A	0000	194

/Applications/microchip/xc8/v2.50/pic/sources/c99/common/awdiv.c estimated size: 194

mcc_generated_files/system/src/pins.c
		_PIN_MANAGER_Initialize		CODE           	090A	0000	166

mcc_generated_files/system/src/pins.c estimated size: 166

shared
		__initialization		CODE           	0C82	0000	62
		_UART2         		MEDIUMCONST    	FE5F	0000	48

shared estimated size: 110

mcc_generated_files/system/src/clock.c
		_CLOCK_Initialize		CODE           	0EFA	0000	22

mcc_generated_files/system/src/clock.c estimated size: 22

mcc_generated_files/apm/src/apm.c
		_APM_Stop      		CODE           	0F8A	0000	6
		_APM_Initialize		CODE           	0BE0	0000	82
		_APM_Start     		CODE           	0F90	0000	6

mcc_generated_files/apm/src/apm.c estimated size: 94

/Applications/microchip/xc8/v2.50/pic/sources/c99/common/nf_fputc.c
		_fputc         		CODE           	06D0	0000	202

/Applications/microchip/xc8/v2.50/pic/sources/c99/common/nf_fputc.c estimated size: 202

main.c
		_main          		CODE           	04E2	0000	494
		_ADC_pressure_high_ISR		CODE           	0F10	0000	18
		_ADC_conversion_finish_ISR		CODE           	0F22	0000	14

main.c estimated size: 526

/Applications/microchip/xc8/v2.50/pic/sources/c99/common/doprnt.c
		_vfpfcnvrt     		CODE           	001E	0000	1220
		_vfprintf      		CODE           	0C32	0000	80

/Applications/microchip/xc8/v2.50/pic/sources/c99/common/doprnt.c estimated size: 1300

mcc_generated_files/uart/src/uart2.c
		_UART2_ParityErrorCallbackRegister		CODE           	0E8C	0000	28
		_putch         		CODE           	0E50	0000	30
		_UART2_IsTxReady		CODE           	0DE0	0000	40
		_UART2_Write   		CODE           	0F7A	0000	8
		_UART2_FramingErrorCallbackRegister		CODE           	0EC4	0000	28
		_UART2_OverrunErrorCallbackRegister		CODE           	0EA8	0000	28
		_UART2_Initialize		CODE           	0B8E	0000	82

mcc_generated_files/uart/src/uart2.c estimated size: 244

/Applications/microchip/xc8/v2.50/pic/sources/c99/common/lwmod.c
		___lwmod       		CODE           	0B2A	0000	100

/Applications/microchip/xc8/v2.50/pic/sources/c99/common/lwmod.c estimated size: 100

mcc_generated_files/system/src/system.c
		_CPU_Initialize		CODE           	0E08	0000	38
		_PMD_Initialize		CODE           	0E6E	0000	30
		_SYSTEM_Initialize		CODE           	0E2E	0000	34

mcc_generated_files/system/src/system.c estimated size: 102

