Microchip MPLAB XC8 Compiler V2.41

Linker command line:

-W-3 \
  --edf=C:/Users/A66402/.mchp_packs/Microchip/PIC18F-Q_DFP/1.18.389/xc8\pic\dat\20230524171230_en.msgs \
  -pivt0x8=08h -cn \
  -h+dist/default/production\PIC18F56Q71_demo_test_CNANO.X.production.sym \
  --cmf=dist/default/production\PIC18F56Q71_demo_test_CNANO.X.production.cmf \
  -z -Q18F56Q71 \
  -oC:\Users\A66402\AppData\Local\Temp\xcAsajk.\driver_tmp_3.o \
  --defsym=__MPLAB_BUILD=1 --fixupoverflow=error \
  -Mdist/default/production/PIC18F56Q71_demo_test_CNANO.X.production.map \
  --md=C:\Users\A66402\AppData\Local\Temp\xcAsajk.\driver_tmp_0.dat -E1 \
  -ver=XC8 Compiler --acfsm=1493 -ACODE=00h-0FFFFh -ACONST=00h-0FFFFh \
  -ASMALLCONST=01600h-016FFhx234 -AMEDIUMCONST=01600h-0FFFFh \
  -ACOMRAM=0501h-055Fh -AABS1=0500h-014FFh -ABIGRAM=0501h-014FFh \
  -ARAM=0560h-05FFh,0600h-06FFhx15 -ABANK5=0560h-05FFh -ABANK6=0600h-06FFh \
  -ABANK7=0700h-07FFh -ABANK8=0800h-08FFh -ABANK9=0900h-09FFh \
  -ABANK10=0A00h-0AFFh -ABANK11=0B00h-0BFFh -ABANK12=0C00h-0CFFh \
  -ABANK13=0D00h-0DFFh -ABANK14=0E00h-0EFFh -ABANK15=0F00h-0FFFh \
  -ABANK16=01000h-010FFh -ABANK17=01100h-011FFh -ABANK18=01200h-012FFh \
  -ABANK19=01300h-013FFh -ABANK20=01400h-014FFh \
  -ASFR=00h-0FFhx4,0400h-045Fh,0460h-04FFh,01500h-015FFh \
  -ABIGSFR=00h-04FFh,01500h-015FFh -ACONFIG=0300000h-030000Bh \
  -AIDLOC=0200000h-020003Fh -AEEDATA=0380000h-03800FFh -peeprom_data=EEDATA \
  -preset_vec=00h -ppowerup=CODE,init -pramtop=01600h \
  -psmallconst=SMALLCONST -pmediumconst=MEDIUMCONST -pconst=CONST \
  -AFARRAM=00h-00h \
  -prdata=COMRAM,nvrram=COMRAM,nvbit=COMRAM,rbss=COMRAM,rbit=COMRAM \
  -pfarbss=FARRAM,fardata=FARRAM,nvFARRAM=FARRAM \
  -pintsave_regs=BIGRAM,bigbss=BIGRAM,bigdata=BIGRAM -pbss=RAM \
  -pidata=CODE,irdata=CODE,ibigdata=CODE,ifardata=CODE -prparam=COMRAM \
  C:\Users\A66402\AppData\Local\Temp\xcAsajk.\driver_tmp_12.o \
  dist/default/production\PIC18F56Q71_demo_test_CNANO.X.production.o 

Object code version is 3.11

Machine type is 18F56Q71



                Name                               Link     Load   Length Selector   Space Scale
C:\Users\A66402\AppData\Local\Temp\xcAsajk.\driver_tmp_12.o
                idloc                            200000   200000       40        0       5
                config                           300000   300000        B        0       4
                init                                 BA       BA        4        4       0
                reset_vec                             0        0        4        0       0
dist/default/production\PIC18F56Q71_demo_test_CNANO.X.production.o
                idloc                            200000   200000       40        0       5
                config                           300000   300000        B        0       4
                mediumconst                        FE3C     FE3C      1C4     7F1E       0
                ivt0x8                                8        8       B2        4       0
                text66                             1050     1050       4A        4       0
                text65                             1550     1550        4      524       0
                text64                             1564     1564        2      557       0
                text63                             153A     153A        8      524       0
                text62                             1348     1348       2A      459       0
                text61                             1004     1004       4C        4       0
                text60                             1562     1562        2      557       0
                text59                             12F2     12F2       2C      459       0
                text58                             14C0     14C0       18      524       0
                text57                             1560     1560        2      557       0
                text56                             12C6     12C6       2C      459       0
                text55                             14A8     14A8       18      524       0
                text54                             155E     155E        2      557       0
                text53                             129A     129A       2C      459       0
                text52                             1490     1490       18      524       0
                text51                             155C     155C        2      557       0
                text50                             1558     1558        2      524       0
                text49                             1164     1164       40      459       0
                text48                             1556     1556        2      524       0
                text47                             1554     1554        2      524       0
                text46                              C68      C68       AC        4       0
                text45                             1476     1476       18      459       0
                text44                             11A4     11A4       3E      459       0
                text43                             154C     154C        4      524       0
                text42                             1548     1548        4      524       0
                text41                             139A     139A       28      459       0
                text40                             1528     1528        A      524       0
                text39                             1214     1214       2E      459       0
                text38                             145A     145A       1C      459       0
                text37                             126E     126E       2C      459       0
                text36                             151E     151E        A      524       0
                text35                             1514     1514        A      524       0
                text34                             150A     150A        A      524       0
                text33                              E02      E02       72        4       0
                text32                              838      838       FC        4       0
                text31                             1500     1500        A      524       0
                text30                             14F6     14F6        A      524       0
                text29                             14EC     14EC        A      524       0
                text28                              E74      E74       6E        4       0
                text27                             14E2     14E2        A      524       0
                text26                             11E2     11E2       32      459       0
                text25                             14D8     14D8        A      524       0
                text24                             10DE     10DE       44        4       0
                text23                             143E     143E       1C      459       0
                text22                             1422     1422       1C      459       0
                text21                             1406     1406       1C      459       0
                text20                              EE2      EE2       6A        4       0
                text19                             13C2     13C2       26      459       0
                text18                             1542     1542        6      524       0
                text17                              72C      72C      10C        4       0
                text16                              AF4      AF4       C4        4       0
                text15                              BB8      BB8       B0        4       0
                text14                             1122     1122       40        4       0
                text13                             131E     131E       2A      459       0
                text12                             1532     1532        8      524       0
                text11                             13E8     13E8       1E      459       0
                text10                              A2A      A2A       CA        4       0
                text9                              109A     109A       44        4       0
                text8                               D14      D14       7A        4       0
                text7                               594      594      198        4       0
                text6                               D8E      D8E       74        4       0
                text5                               F4C      F4C       64        4       0
                text4                               934      934       F6        4       0
                text3                               3BC      3BC      1D8        4       0
                text2                               FB0      FB0       54        4       0
                text1                              1372     1372       28      459       0
                text0                                BE       BE      2FE        4       0
                cstackCOMRAM                        501      501       33      501       1
                cstackBANK5                         59E      59E       2E      560       1
                bssBANK5                            560      560       3E      560       1
                bssCOMRAM                           534      534       16      501       1
                cinit                              1242     1242       2C      459       0
                nvBANK5                             5CC      5CC        C      560       1

TOTAL           Name                               Link     Load   Length     Space
        CLASS   CODE           
                init                                 BA       BA        4         0
                reset_vec                             0        0        4         0
                ivt0x8                                8        8       B2         0
                text66                             1050     1050       4A         0
                text65                             1550     1550        4         0
                text64                             1564     1564        2         0
                text63                             153A     153A        8         0
                text62                             1348     1348       2A         0
                text61                             1004     1004       4C         0
                text60                             1562     1562        2         0
                text59                             12F2     12F2       2C         0
                text58                             14C0     14C0       18         0
                text57                             1560     1560        2         0
                text56                             12C6     12C6       2C         0
                text55                             14A8     14A8       18         0
                text54                             155E     155E        2         0
                text53                             129A     129A       2C         0
                text52                             1490     1490       18         0
                text51                             155C     155C        2         0
                text50                             1558     1558        2         0
                text49                             1164     1164       40         0
                text48                             1556     1556        2         0
                text47                             1554     1554        2         0
                text46                              C68      C68       AC         0
                text45                             1476     1476       18         0
                text44                             11A4     11A4       3E         0
                text43                             154C     154C        4         0
                text42                             1548     1548        4         0
                text41                             139A     139A       28         0
                text40                             1528     1528        A         0
                text39                             1214     1214       2E         0
                text38                             145A     145A       1C         0
                text37                             126E     126E       2C         0
                text36                             151E     151E        A         0
                text35                             1514     1514        A         0
                text34                             150A     150A        A         0
                text33                              E02      E02       72         0
                text32                              838      838       FC         0
                text31                             1500     1500        A         0
                text30                             14F6     14F6        A         0
                text29                             14EC     14EC        A         0
                text28                              E74      E74       6E         0
                text27                             14E2     14E2        A         0
                text26                             11E2     11E2       32         0
                text25                             14D8     14D8        A         0
                text24                             10DE     10DE       44         0
                text23                             143E     143E       1C         0
                text22                             1422     1422       1C         0
                text21                             1406     1406       1C         0
                text20                              EE2      EE2       6A         0
                text19                             13C2     13C2       26         0
                text18                             1542     1542        6         0
                text17                              72C      72C      10C         0
                text16                              AF4      AF4       C4         0
                text15                              BB8      BB8       B0         0
                text14                             1122     1122       40         0
                text13                             131E     131E       2A         0
                text12                             1532     1532        8         0
                text11                             13E8     13E8       1E         0
                text10                              A2A      A2A       CA         0
                text9                              109A     109A       44         0
                text8                               D14      D14       7A         0
                text7                               594      594      198         0
                text6                               D8E      D8E       74         0
                text5                               F4C      F4C       64         0
                text4                               934      934       F6         0
                text3                               3BC      3BC      1D8         0
                text2                               FB0      FB0       54         0
                text1                              1372     1372       28         0
                text0                                BE       BE      2FE         0
                cinit                              1242     1242       2C         0

        CLASS   CONST          

        CLASS   SMALLCONST     

        CLASS   MEDIUMCONST    
                mediumconst                        FE3C     FE3C      1C4         0

        CLASS   COMRAM         
                cstackCOMRAM                        501      501       33         1
                bssCOMRAM                           534      534       16         1

        CLASS   ABS1           

        CLASS   BIGRAM         

        CLASS   RAM            

        CLASS   BANK5          
                cstackBANK5                         59E      59E       2E         1
                bssBANK5                            560      560       3E         1
                nvBANK5                             5CC      5CC        C         1

        CLASS   BANK6          

        CLASS   BANK7          

        CLASS   BANK8          

        CLASS   BANK9          

        CLASS   BANK10         

        CLASS   BANK11         

        CLASS   BANK12         

        CLASS   BANK13         

        CLASS   BANK14         

        CLASS   BANK15         

        CLASS   BANK16         

        CLASS   BANK17         

        CLASS   BANK18         

        CLASS   BANK19         

        CLASS   BANK20         

        CLASS   SFR            

        CLASS   BIGSFR         

        CLASS   CONFIG         
                config                           300000   300000        B         4

        CLASS   IDLOC          
                idloc                            200000   200000       40         5

        CLASS   EEDATA         

        CLASS   FARRAM         

        CLASS   HEAP           

        CLASS   STACK          



SEGMENTS        Name                           Load    Length   Top    Selector   Space  Class

                reset_vec                      000000  000004  000004         0       0  CODE    
                ivt0x8                         000008  00115A  001162         4       0  CODE    
                cstackCOMRAM                   000501  000049  00054A       501       1  COMRAM  
                bssBANK5                       000560  000078  0005D8       560       1  BANK5   
                text49                         001164  00032A  00148E       459       0  CODE    
                text52                         001490  0000CA  00155A       524       0  CODE    
                text51                         00155C  00000A  001566       557       0  CODE    
                mediumconst                    00FE3C  0001C4  010000      7F1E       0  MEDIUMCO


UNUSED ADDRESS RANGES

        Name                Unused          Largest block    Delta
        BANK10           000A00-000AFF              100
        BANK11           000B00-000BFF              100
        BANK12           000C00-000CFF              100
        BANK13           000D00-000DFF              100
        BANK14           000E00-000EFF              100
        BANK15           000F00-000FFF              100
        BANK16           001000-0010FF              100
        BANK17           001100-0011FF              100
        BANK18           001200-0012FF              100
        BANK19           001300-0013FF              100
        BANK20           001400-0014FF              100
        BANK5            0005D8-0005FF               28
        BANK6            000600-0006FF              100
        BANK7            000700-0007FF              100
        BANK8            000800-0008FF              100
        BANK9            000900-0009FF              100
        BIGRAM           00054A-00055F               16
                         0005D8-0014FF              F28
        BIGSFR           000000-0004FF              500
                         001500-0015FF              100
        CODE             000004-000007                4
                         001162-001163                2
                         00148E-00148F                2
                         00155A-00155B                2
                         001566-00FE3B             E8D6
        COMRAM           00054A-00055F               16
        CONFIG           30000B-30000B                1
        CONST            000004-000007                4
                         001162-001163                2
                         00148E-00148F                2
                         00155A-00155B                2
                         001566-00FE3B             E8D6
        EEDATA           380000-3800FF              100
        MEDIUMCONST      001600-00FE3B             E83C
        RAM              0005D8-0014FF              100
        SFR              000000-0004FF              100
                         001500-0015FF              100
        SMALLCONST       001600-00FE3B              100

                                  Symbol Table

?___aldiv                                                         cstackCOMRAM 000517
?___awdiv                                                         cstackCOMRAM 000517
?___awmod                                                         cstackCOMRAM 000517
?___lwdiv                                                         cstackCOMRAM 000517
?___lwmod                                                         cstackCOMRAM 000517
?_abs                                                             cstackCOMRAM 00051D
?_printf                                                          cstackBANK5  0005C1
?_vfprintf                                                        cstackBANK5  0005B9
CCP1_CaptureISR@module                                            cstackCOMRAM 000505
CCP1_DefaultCallBack@capturedValue                                cstackCOMRAM 000501
CCP1_SetCallBack@customCallBack                                   cstackCOMRAM 000517
INT0_SetInterruptHandler@InterruptHandler                         cstackCOMRAM 000517
INT1_SetInterruptHandler@InterruptHandler                         cstackCOMRAM 000517
INT2_SetInterruptHandler@InterruptHandler                         cstackCOMRAM 000517
INTERRUPT_Initialize@state                                        cstackCOMRAM 000519
IVTBASEH                                                          (abs)        00045E
IVTBASEL                                                          (abs)        00045D
IVTBASEU                                                          (abs)        00045F
PWM1_16BIT_RC1_Period_SetInterruptHandler@InterruptHandler        cstackCOMRAM 000517
PWM1_16BIT_RC1_Slice1Output1_SetInterruptHandler@InterruptHandler cstackCOMRAM 000517
PWM1_16BIT_RC1_Slice1Output2_SetInterruptHandler@InterruptHandler cstackCOMRAM 000517
Timer0_OverflowCallbackRegister@CallbackHandler                   cstackCOMRAM 000517
Timer1_OverflowCallbackRegister@CallbackHandler                   cstackCOMRAM 000517
Timer1_Write@timerVal                                             cstackCOMRAM 000511
UART2_FramingErrorCallbackRegister@callbackHandler                cstackCOMRAM 000517
UART2_OverrunErrorCallbackRegister@callbackHandler                cstackCOMRAM 000517
UART2_ParityErrorCallbackRegister@callbackHandler                 cstackCOMRAM 000517
UART2_Write@txData                                                cstackCOMRAM 000517
_ACTCON                                                           (abs)        0000AC
_ANSELA                                                           (abs)        000400
_ANSELB                                                           (abs)        000408
_ANSELC                                                           (abs)        000410
_ANSELD                                                           (abs)        000418
_ANSELE                                                           (abs)        000420
_ANSELF                                                           (abs)        000428
_CCP1CAP                                                          (abs)        000343
_CCP1CON                                                          (abs)        000342
_CCP1PPS                                                          (abs)        00024F
_CCP1_CallBack                                                    nvBANK5      0005D6
_CCP1_CaptureISR                                                  text44       0011A4
_CCP1_DefaultCallBack                                             text45       001476
_CCP1_Initialize                                                  text39       001214
_CCP1_SetCallBack                                                 text40       001528
_CCP1_tck_H                                                       bssCOMRAM    000547
_CCP1_tck_H_pre                                                   bssCOMRAM    000545
_CCP1_tck_L                                                       bssCOMRAM    000548
_CCP1_tck_L_pre                                                   bssCOMRAM    000546
_CCP1_tck_current                                                 bssCOMRAM    000542
_CCP1_tck_current_buf                                             bssBANK5     000568
_CCP1_tck_pre                                                     bssBANK5     000574
_CCP1_tck_pre_buf                                                 bssBANK5     000566
_CCP1_time_diff                                                   bssBANK5     00059C
_CCPR1H                                                           (abs)        000341
_CCPR1L                                                           (abs)        000340
_CCPTMRS0bits                                                     (abs)        00034C
_CCP_IF_flag                                                      bssBANK5     00057B
_CCP_data_valid                                                   bssBANK5     000576
_CLOCK_Initialize                                                 text38       00145A
_CPU_Initialize                                                   text37       00126E
_DMA1PR                                                           (abs)        0000B6
_DMA2PR                                                           (abs)        0000B7
_DMA3PR                                                           (abs)        0000B8
_DMA4PR                                                           (abs)        0000B9
_Default_ISR                                                      text51       00155C
_Flg_tmp                                                          bssBANK5     000577
_GIE                                                              (abs)        0026B7
_INLVLA                                                           (abs)        000404
_INLVLB                                                           (abs)        00040C
_INLVLC                                                           (abs)        000414
_INLVLD                                                           (abs)        00041C
_INLVLE                                                           (abs)        000424
_INLVLF                                                           (abs)        00042C
_INT0_CallBack                                                    text53       00129A
_INT0_DefaultInterruptHandler                                     text54       00155E
_INT0_ISR                                                         text52       001490
_INT0_InterruptHandler                                            bssCOMRAM    000540
_INT0_SetInterruptHandler                                         text36       00151E
_INT1_CallBack                                                    text56       0012C6
_INT1_DefaultInterruptHandler                                     text57       001560
_INT1_ISR                                                         text55       0014A8
_INT1_InterruptHandler                                            bssCOMRAM    00053E
_INT1_SetInterruptHandler                                         text35       001514
_INT2_CallBack                                                    text59       0012F2
_INT2_DefaultInterruptHandler                                     text60       001562
_INT2_ISR                                                         text58       0014C0
_INT2_InterruptHandler                                            bssCOMRAM    00053C
_INT2_SetInterruptHandler                                         text34       00150A
_INTCON0bits                                                      (abs)        0004D6
_INTERRUPT_Initialize                                             text33       000E02
_IOCAF                                                            (abs)        000407
_IOCAN                                                            (abs)        000406
_IOCAP                                                            (abs)        000405
_IOCBF                                                            (abs)        00040F
_IOCBN                                                            (abs)        00040E
_IOCBP                                                            (abs)        00040D
_IOCCF                                                            (abs)        000417
_IOCCN                                                            (abs)        000416
_IOCCP                                                            (abs)        000415
_IOCEF                                                            (abs)        000427
_IOCEN                                                            (abs)        000426
_IOCEP                                                            (abs)        000425
_IOCWF                                                            (abs)        00043F
_IOCWN                                                            (abs)        00043E
_IOCWP                                                            (abs)        00043D
_IPR3bits                                                         (abs)        00049F
_IPR4bits                                                         (abs)        0004A0
_ISRPR                                                            (abs)        0000BF
_IVTBASEH                                                         (abs)        00045E
_IVTBASEL                                                         (abs)        00045D
_IVTBASEU                                                         (abs)        00045F
_IVTLOCK                                                          (abs)        000459
_IVTLOCKbits                                                      (abs)        000459
_LATA                                                             (abs)        000140
_LATB                                                             (abs)        000141
_LATC                                                             (abs)        000142
_LATCbits                                                         (abs)        000142
_LATD                                                             (abs)        000143
_LATE                                                             (abs)        000144
_LATEbits                                                         (abs)        000144
_LATF                                                             (abs)        000145
_MAINPR                                                           (abs)        0000BE
_ODCONA                                                           (abs)        000402
_ODCONB                                                           (abs)        00040A
_ODCONC                                                           (abs)        000412
_ODCOND                                                           (abs)        00041A
_ODCONE                                                           (abs)        000422
_ODCONF                                                           (abs)        00042A
_OSCCON1                                                          (abs)        0000AD
_OSCCON3                                                          (abs)        0000AF
_OSCEN                                                            (abs)        0000B3
_OSCFRQ                                                           (abs)        0000B1
_OSCTUNE                                                          (abs)        0000B0
_PIE3bits                                                         (abs)        0004AA
_PIE4bits                                                         (abs)        0004AB
_PIN_MANAGER_Initialize                                           text32       000838
_PIR10bits                                                        (abs)        0004BC
_PIR1bits                                                         (abs)        0004B3
_PIR3bits                                                         (abs)        0004B5
_PIR4bits                                                         (abs)        0004B6
_PIR6bits                                                         (abs)        0004B8
_PRLOCK                                                           (abs)        0000B4
_PRODH                                                            (abs)        0004F4
_PRODL                                                            (abs)        0004F3
_PWM1CLK                                                          (abs)        000461
_PWM1CON                                                          (abs)        000469
_PWM1CONbits                                                      (abs)        000469
_PWM1CPRE                                                         (abs)        000465
_PWM1ERS                                                          (abs)        000460
_PWM1GIE                                                          (abs)        000468
_PWM1GIEbits                                                      (abs)        000468
_PWM1GIR                                                          (abs)        000467
_PWM1GIRbits                                                      (abs)        000467
_PWM1LDS                                                          (abs)        000462
_PWM1PIPOS                                                        (abs)        000466
_PWM1PRH                                                          (abs)        000464
_PWM1PRL                                                          (abs)        000463
_PWM1S1CFG                                                        (abs)        00046A
_PWM1S1P1H                                                        (abs)        00046C
_PWM1S1P1L                                                        (abs)        00046B
_PWM1S1P2H                                                        (abs)        00046E
_PWM1S1P2L                                                        (abs)        00046D
_PWM1_16BIT_RC1_Disable                                           text43       00154C
_PWM1_16BIT_RC1_Enable                                            text42       001548
_PWM1_16BIT_RC1_Initialize                                        text28       000E74
_PWM1_16BIT_RC1_PWMI_ISR                                          text46       000C68
_PWM1_16BIT_RC1_PWMPI_ISR                                         text49       001164
_PWM1_16BIT_RC1_Period_DefaultInterruptHandler                    text50       001558
_PWM1_16BIT_RC1_Period_InterruptHandler                           nvBANK5      0005D0
_PWM1_16BIT_RC1_Period_SetInterruptHandler                        text31       001500
_PWM1_16BIT_RC1_Slice1Output1_DefaultInterruptHandler             text48       001556
_PWM1_16BIT_RC1_Slice1Output1_InterruptHandler                    nvBANK5      0005D4
_PWM1_16BIT_RC1_Slice1Output1_SetInterruptHandler                 text30       0014F6
_PWM1_16BIT_RC1_Slice1Output2_DefaultInterruptHandler             text47       001554
_PWM1_16BIT_RC1_Slice1Output2_InterruptHandler                    nvBANK5      0005D2
_PWM1_16BIT_RC1_Slice1Output2_SetInterruptHandler                 text29       0014EC
_RB1I2C                                                           (abs)        000286
_RB2I2C                                                           (abs)        000285
_RB4PPS                                                           (abs)        00020D
_RC1PPS                                                           (abs)        000212
_RC2PPS                                                           (abs)        000213
_RC3I2C                                                           (abs)        000288
_RC4I2C                                                           (abs)        000287
_RC6PPS                                                           (abs)        000217
_SCANPR                                                           (abs)        0000B5
_SLRCONA                                                          (abs)        000403
_SLRCONB                                                          (abs)        00040B
_SLRCONC                                                          (abs)        000413
_SLRCOND                                                          (abs)        00041B
_SLRCONE                                                          (abs)        000423
_SLRCONF                                                          (abs)        00042B
_STATUS_LED_toggle                                                text41       00139A
_SYSTEM_Initialize                                                text19       0013C2
_T0CON0                                                           (abs)        00031A
_T0CON0bits                                                       (abs)        00031A
_T0CON1                                                           (abs)        00031B
_T1CLK                                                            (abs)        000317
_T1CON                                                            (abs)        000314
_T1CONbits                                                        (abs)        000314
_T1GATE                                                           (abs)        000316
_T1GCON                                                           (abs)        000315
_T1GCONbits                                                       (abs)        000315
_TMR0H                                                            (abs)        000319
_TMR0L                                                            (abs)        000318
_TMR1H                                                            (abs)        000313
_TMR1L                                                            (abs)        000312
_TRISA                                                            (abs)        000148
_TRISB                                                            (abs)        000149
_TRISC                                                            (abs)        00014A
_TRISD                                                            (abs)        00014B
_TRISE                                                            (abs)        00014C
_TRISF                                                            (abs)        00014D
_Timer0                                                           mediumconst  00FE6D
_Timer0_DefaultOverflowCallback                                   text63       00153A
_Timer0_Initialize                                                text26       0011E2
_Timer0_OverflowCallback                                          nvBANK5      0005CC
_Timer0_OverflowCallbackRegister                                  text27       0014E2
_Timer0_OverflowISR                                               text66       001050
_Timer0_PeriodCountSet                                            (abs)        000000
_Timer0_Start                                                     (abs)        000000
_Timer0_Stop                                                      (abs)        000000
_Timer0_flag                                                      bssBANK5     00057A
_Timer0_tck                                                       bssBANK5     000564
_Timer0_tck_pre                                                   bssBANK5     000562
_Timer1                                                           mediumconst  00FE79
_Timer1_DefaultOverflowCallback                                   text64       001564
_Timer1_GateISR                                                   text65       001550
_Timer1_Initialize                                                text24       0010DE
_Timer1_InterruptHandler                                          bssBANK5     000572
_Timer1_OverflowCallback                                          nvBANK5      0005CE
_Timer1_OverflowCallbackRegister                                  text25       0014D8
_Timer1_OverflowISR                                               text61       001004
_Timer1_PeriodCountSet                                            (abs)        000000
_Timer1_Start                                                     text18       001542
_Timer1_Stop                                                      (abs)        000000
_Timer1_Write                                                     text62       001348
_U2BRGH                                                           (abs)        0002C2
_U2BRGL                                                           (abs)        0002C1
_U2CON0                                                           (abs)        0002BE
_U2CON0bits                                                       (abs)        0002BE
_U2CON1                                                           (abs)        0002BF
_U2CON1bits                                                       (abs)        0002BF
_U2CON2                                                           (abs)        0002C0
_U2ERRIE                                                          (abs)        0002C6
_U2ERRIR                                                          (abs)        0002C5
_U2ERRIRbits                                                      (abs)        0002C5
_U2FIFO                                                           (abs)        0002C3
_U2FIFObits                                                       (abs)        0002C3
_U2P1L                                                            (abs)        0002B8
_U2P2L                                                            (abs)        0002BA
_U2P3L                                                            (abs)        0002BC
_U2RXB                                                            (abs)        0002B4
_U2RXPPS                                                          (abs)        000274
_U2TXB                                                            (abs)        0002B6
_U2UIR                                                            (abs)        0002C4
_U2UIRbits                                                        (abs)        0002C4
_UART2                                                            mediumconst  00FE3D
_UART2_AutoBaudQuery                                              (abs)        000000
_UART2_AutoBaudSet                                                (abs)        000000
_UART2_DefaultFramingErrorCallback                                (abs)        000000
_UART2_DefaultOverrunErrorCallback                                (abs)        000000
_UART2_DefaultParityErrorCallback                                 (abs)        000000
_UART2_Deinitialize                                               (abs)        000000
_UART2_ErrorGet                                                   (abs)        000000
_UART2_FramingErrorCallbackRegister                               text23       00143E
_UART2_FramingErrorHandler                                        bssCOMRAM    000536
_UART2_Initialize                                                 text20       000EE2
_UART2_IsRxReady                                                  (abs)        000000
_UART2_IsTxDone                                                   (abs)        000000
_UART2_IsTxReady                                                  text13       00131E
_UART2_IsTxReady$1686                                             cstackCOMRAM 000517
_UART2_OverrunErrorCallbackRegister                               text22       001422
_UART2_OverrunErrorHandler                                        bssBANK5     00056E
_UART2_ParityErrorCallbackRegister                                text21       001406
_UART2_ParityErrorHandler                                         bssBANK5     00056C
_UART2_Read                                                       (abs)        000000
_UART2_TransmitDisable                                            (abs)        000000
_UART2_TransmitEnable                                             (abs)        000000
_UART2_Write                                                      text12       001532
_WPUA                                                             (abs)        000401
_WPUB                                                             (abs)        000409
_WPUC                                                             (abs)        000411
_WPUD                                                             (abs)        000419
_WPUE                                                             (abs)        000421
_WPUF                                                             (abs)        000429
__HRAM                                                            (abs)        000000
__H__absolute__                                                   __absolute__ 000000
__Habs1                                                           abs1         000000
__Hbank10                                                         bank10       000000
__Hbank11                                                         bank11       000000
__Hbank12                                                         bank12       000000
__Hbank13                                                         bank13       000000
__Hbank14                                                         bank14       000000
__Hbank15                                                         bank15       000000
__Hbank16                                                         bank16       000000
__Hbank17                                                         bank17       000000
__Hbank18                                                         bank18       000000
__Hbank19                                                         bank19       000000
__Hbank20                                                         bank20       000000
__Hbank5                                                          bank5        000000
__Hbank6                                                          bank6        000000
__Hbank7                                                          bank7        000000
__Hbank8                                                          bank8        000000
__Hbank9                                                          bank9        000000
__Hbigbss                                                         bigbss       000000
__Hbigdata                                                        bigdata      000000
__Hbigram                                                         bigram       000000
__Hbigsfr                                                         bigsfr       000000
__Hbss                                                            bss          000000
__HbssBANK5                                                       bssBANK5     000000
__HbssCOMRAM                                                      bssCOMRAM    000000
__Hcinit                                                          cinit        000000
__Hclrtext                                                        clrtext      000000
__Hcomram                                                         comram       000000
__Hconfig                                                         config       30000B
__Hconst                                                          const        000000
__HcstackBANK5                                                    cstackBANK5  000000
__HcstackCOMRAM                                                   cstackCOMRAM 000000
__Hdata                                                           data         000000
__Heeprom_data                                                    eeprom_data  000000
__Hfarbss                                                         farbss       000000
__Hfardata                                                        fardata      000000
__Hheap                                                           heap         000000
__Hibigdata                                                       ibigdata     000000
__Hidata                                                          idata        000000
__Hidloc                                                          idloc        200040
__Hifardata                                                       ifardata     000000
__Hinit                                                           init         0000BE
__Hintsave_regs                                                   intsave_regs 000000
__Hirdata                                                         irdata       000000
__Hivt0x8                                                         ivt0x8       0000BA
__Hmediumconst                                                    mediumconst  010000
__HnvBANK5                                                        nvBANK5      000000
__HnvFARRAM                                                       nvFARRAM     000000
__Hnvbit                                                          nvbit        000000
__Hnvrram                                                         nvrram       000000
__Hparam                                                          rparam       000000
__Hpowerup                                                        powerup      000000
__Hram                                                            ram          000000
__Hramtop                                                         ramtop       001600
__Hrbit                                                           rbit         000000
__Hrbss                                                           rbss         000000
__Hrdata                                                          rdata        000000
__Hreset_vec                                                      reset_vec    000004
__Hrparam                                                         rparam       000000
__Hsfr                                                            sfr          000000
__Hsmallconst                                                     smallconst   000000
__Hspace_0                                                        (abs)        010000
__Hspace_1                                                        (abs)        0005D8
__Hspace_2                                                        (abs)        000000
__Hspace_4                                                        (abs)        60000B
__Hstack                                                          stack        000000
__Hstruct                                                         struct       000000
__Htemp                                                           temp         000000
__Htext                                                           text         000000
__Htext0                                                          text0        000000
__Htext1                                                          text1        000000
__Htext10                                                         text10       000000
__Htext11                                                         text11       000000
__Htext12                                                         text12       000000
__Htext13                                                         text13       000000
__Htext14                                                         text14       000000
__Htext15                                                         text15       000000
__Htext16                                                         text16       000000
__Htext17                                                         text17       000000
__Htext18                                                         text18       000000
__Htext19                                                         text19       000000
__Htext2                                                          text2        000000
__Htext20                                                         text20       000000
__Htext21                                                         text21       000000
__Htext22                                                         text22       000000
__Htext23                                                         text23       000000
__Htext24                                                         text24       000000
__Htext25                                                         text25       000000
__Htext26                                                         text26       000000
__Htext27                                                         text27       000000
__Htext28                                                         text28       000000
__Htext29                                                         text29       000000
__Htext3                                                          text3        000000
__Htext30                                                         text30       000000
__Htext31                                                         text31       000000
__Htext32                                                         text32       000000
__Htext33                                                         text33       000000
__Htext34                                                         text34       000000
__Htext35                                                         text35       000000
__Htext36                                                         text36       000000
__Htext37                                                         text37       000000
__Htext38                                                         text38       000000
__Htext39                                                         text39       000000
__Htext4                                                          text4        000000
__Htext40                                                         text40       000000
__Htext41                                                         text41       000000
__Htext42                                                         text42       000000
__Htext43                                                         text43       000000
__Htext44                                                         text44       000000
__Htext45                                                         text45       000000
__Htext46                                                         text46       000000
__Htext47                                                         text47       000000
__Htext48                                                         text48       000000
__Htext49                                                         text49       000000
__Htext5                                                          text5        000000
__Htext50                                                         text50       000000
__Htext51                                                         text51       000000
__Htext52                                                         text52       000000
__Htext53                                                         text53       000000
__Htext54                                                         text54       000000
__Htext55                                                         text55       000000
__Htext56                                                         text56       000000
__Htext57                                                         text57       000000
__Htext58                                                         text58       000000
__Htext59                                                         text59       000000
__Htext6                                                          text6        000000
__Htext60                                                         text60       000000
__Htext61                                                         text61       000000
__Htext62                                                         text62       000000
__Htext63                                                         text63       000000
__Htext64                                                         text64       000000
__Htext65                                                         text65       000000
__Htext66                                                         text66       000000
__Htext67                                                         text67       000000
__Htext7                                                          text7        000000
__Htext8                                                          text8        000000
__Htext9                                                          text9        000000
__LRAM                                                            (abs)        000001
__L__absolute__                                                   __absolute__ 000000
__Labs1                                                           abs1         000000
__Lbank10                                                         bank10       000000
__Lbank11                                                         bank11       000000
__Lbank12                                                         bank12       000000
__Lbank13                                                         bank13       000000
__Lbank14                                                         bank14       000000
__Lbank15                                                         bank15       000000
__Lbank16                                                         bank16       000000
__Lbank17                                                         bank17       000000
__Lbank18                                                         bank18       000000
__Lbank19                                                         bank19       000000
__Lbank20                                                         bank20       000000
__Lbank5                                                          bank5        000000
__Lbank6                                                          bank6        000000
__Lbank7                                                          bank7        000000
__Lbank8                                                          bank8        000000
__Lbank9                                                          bank9        000000
__Lbigbss                                                         bigbss       000000
__Lbigdata                                                        bigdata      000000
__Lbigram                                                         bigram       000000
__Lbigsfr                                                         bigsfr       000000
__Lbss                                                            bss          000000
__LbssBANK5                                                       bssBANK5     000000
__LbssCOMRAM                                                      bssCOMRAM    000000
__Lcinit                                                          cinit        000000
__Lclrtext                                                        clrtext      000000
__Lcomram                                                         comram       000000
__Lconfig                                                         config       000000
__Lconst                                                          const        000000
__LcstackBANK5                                                    cstackBANK5  000000
__LcstackCOMRAM                                                   cstackCOMRAM 000000
__Ldata                                                           data         000000
__Leeprom_data                                                    eeprom_data  000000
__Lfarbss                                                         farbss       000000
__Lfardata                                                        fardata      000000
__Lheap                                                           heap         000000
__Libigdata                                                       ibigdata     000000
__Lidata                                                          idata        000000
__Lidloc                                                          idloc        000000
__Lifardata                                                       ifardata     000000
__Linit                                                           init         0000BA
__Lintsave_regs                                                   intsave_regs 000000
__Lirdata                                                         irdata       000000
__Livt0x8                                                         ivt0x8       000008
__Lmediumconst                                                    mediumconst  00FE3C
__LnvBANK5                                                        nvBANK5      000000
__LnvFARRAM                                                       nvFARRAM     000000
__Lnvbit                                                          nvbit        000000
__Lnvrram                                                         nvrram       000000
__Lparam                                                          rparam       000000
__Lpowerup                                                        powerup      000000
__Lram                                                            ram          000000
__Lramtop                                                         ramtop       001600
__Lrbit                                                           rbit         000000
__Lrbss                                                           rbss         000000
__Lrdata                                                          rdata        000000
__Lreset_vec                                                      reset_vec    000000
__Lrparam                                                         rparam       000000
__Lsfr                                                            sfr          000000
__Lsmallconst                                                     smallconst   000000
__Lspace_0                                                        (abs)        000000
__Lspace_1                                                        (abs)        000000
__Lspace_2                                                        (abs)        000000
__Lspace_4                                                        (abs)        000000
__Lstack                                                          stack        000000
__Lstruct                                                         struct       000000
__Ltemp                                                           temp         000000
__Ltext                                                           text         000000
__Ltext0                                                          text0        000000
__Ltext1                                                          text1        000000
__Ltext10                                                         text10       000000
__Ltext11                                                         text11       000000
__Ltext12                                                         text12       000000
__Ltext13                                                         text13       000000
__Ltext14                                                         text14       000000
__Ltext15                                                         text15       000000
__Ltext16                                                         text16       000000
__Ltext17                                                         text17       000000
__Ltext18                                                         text18       000000
__Ltext19                                                         text19       000000
__Ltext2                                                          text2        000000
__Ltext20                                                         text20       000000
__Ltext21                                                         text21       000000
__Ltext22                                                         text22       000000
__Ltext23                                                         text23       000000
__Ltext24                                                         text24       000000
__Ltext25                                                         text25       000000
__Ltext26                                                         text26       000000
__Ltext27                                                         text27       000000
__Ltext28                                                         text28       000000
__Ltext29                                                         text29       000000
__Ltext3                                                          text3        000000
__Ltext30                                                         text30       000000
__Ltext31                                                         text31       000000
__Ltext32                                                         text32       000000
__Ltext33                                                         text33       000000
__Ltext34                                                         text34       000000
__Ltext35                                                         text35       000000
__Ltext36                                                         text36       000000
__Ltext37                                                         text37       000000
__Ltext38                                                         text38       000000
__Ltext39                                                         text39       000000
__Ltext4                                                          text4        000000
__Ltext40                                                         text40       000000
__Ltext41                                                         text41       000000
__Ltext42                                                         text42       000000
__Ltext43                                                         text43       000000
__Ltext44                                                         text44       000000
__Ltext45                                                         text45       000000
__Ltext46                                                         text46       000000
__Ltext47                                                         text47       000000
__Ltext48                                                         text48       000000
__Ltext49                                                         text49       000000
__Ltext5                                                          text5        000000
__Ltext50                                                         text50       000000
__Ltext51                                                         text51       000000
__Ltext52                                                         text52       000000
__Ltext53                                                         text53       000000
__Ltext54                                                         text54       000000
__Ltext55                                                         text55       000000
__Ltext56                                                         text56       000000
__Ltext57                                                         text57       000000
__Ltext58                                                         text58       000000
__Ltext59                                                         text59       000000
__Ltext6                                                          text6        000000
__Ltext60                                                         text60       000000
__Ltext61                                                         text61       000000
__Ltext62                                                         text62       000000
__Ltext63                                                         text63       000000
__Ltext64                                                         text64       000000
__Ltext65                                                         text65       000000
__Ltext66                                                         text66       000000
__Ltext67                                                         text67       000000
__Ltext7                                                          text7        000000
__Ltext8                                                          text8        000000
__Ltext9                                                          text9        000000
__S0                                                              (abs)        010000
__S1                                                              (abs)        0005D8
__S4                                                              (abs)        000000
__S5                                                              (abs)        000000
___aldiv                                                          text17       00072C
___aldiv@counter                                                  cstackCOMRAM 00051F
___aldiv@dividend                                                 cstackCOMRAM 000517
___aldiv@divisor                                                  cstackCOMRAM 00051B
___aldiv@quotient                                                 cstackCOMRAM 000521
___aldiv@sign                                                     cstackCOMRAM 000520
___awdiv                                                          text16       000AF4
___awdiv@counter                                                  cstackCOMRAM 00051B
___awdiv@dividend                                                 cstackCOMRAM 000517
___awdiv@divisor                                                  cstackCOMRAM 000519
___awdiv@quotient                                                 cstackCOMRAM 00051D
___awdiv@sign                                                     cstackCOMRAM 00051C
___awmod                                                          text15       000BB8
___awmod@counter                                                  cstackCOMRAM 00051B
___awmod@dividend                                                 cstackCOMRAM 000517
___awmod@divisor                                                  cstackCOMRAM 000519
___awmod@sign                                                     cstackCOMRAM 00051C
___heap_hi                                                        (abs)        000000
___heap_lo                                                        (abs)        000000
___inthi_sp                                                       stack        000000
___intlo_sp                                                       stack        000000
___lwdiv                                                          text6        000D8E
___lwdiv@counter                                                  cstackCOMRAM 00051B
___lwdiv@dividend                                                 cstackCOMRAM 000517
___lwdiv@divisor                                                  cstackCOMRAM 000519
___lwdiv@quotient                                                 cstackCOMRAM 00051C
___lwmod                                                          text5        000F4C
___lwmod@counter                                                  cstackCOMRAM 00051B
___lwmod@dividend                                                 cstackCOMRAM 000517
___lwmod@divisor                                                  cstackCOMRAM 000519
___param_bank                                                     (abs)        000000
___rparam_used                                                    (abs)        000001
___sp                                                             stack        000000
__accesstop                                                       (abs)        000560
__activetblptr                                                    (abs)        000003
__end_of_CCP1_CaptureISR                                          text44       0011E2
__end_of_CCP1_DefaultCallBack                                     text45       00148E
__end_of_CCP1_Initialize                                          text39       001242
__end_of_CCP1_SetCallBack                                         text40       001532
__end_of_CLOCK_Initialize                                         text38       001476
__end_of_CPU_Initialize                                           text37       00129A
__end_of_Default_ISR                                              text51       00155E
__end_of_INT0_CallBack                                            text53       0012C6
__end_of_INT0_DefaultInterruptHandler                             text54       001560
__end_of_INT0_ISR                                                 text52       0014A8
__end_of_INT0_SetInterruptHandler                                 text36       001528
__end_of_INT1_CallBack                                            text56       0012F2
__end_of_INT1_DefaultInterruptHandler                             text57       001562
__end_of_INT1_ISR                                                 text55       0014C0
__end_of_INT1_SetInterruptHandler                                 text35       00151E
__end_of_INT2_CallBack                                            text59       00131E
__end_of_INT2_DefaultInterruptHandler                             text60       001564
__end_of_INT2_ISR                                                 text58       0014D8
__end_of_INT2_SetInterruptHandler                                 text34       001514
__end_of_INTERRUPT_Initialize                                     text33       000E74
__end_of_PIN_MANAGER_Initialize                                   text32       000934
__end_of_PWM1_16BIT_RC1_Disable                                   text43       001550
__end_of_PWM1_16BIT_RC1_Enable                                    text42       00154C
__end_of_PWM1_16BIT_RC1_Initialize                                text28       000EE2
__end_of_PWM1_16BIT_RC1_PWMI_ISR                                  text46       000D14
__end_of_PWM1_16BIT_RC1_PWMPI_ISR                                 text49       0011A4
__end_of_PWM1_16BIT_RC1_Period_DefaultInterruptHandler            text50       00155A
__end_of_PWM1_16BIT_RC1_Period_SetInterruptHandler                text31       00150A
__end_of_PWM1_16BIT_RC1_Slice1Output1_DefaultInterruptHandler     text48       001558
__end_of_PWM1_16BIT_RC1_Slice1Output1_SetInterruptHandler         text30       001500
__end_of_PWM1_16BIT_RC1_Slice1Output2_DefaultInterruptHandler     text47       001556
__end_of_PWM1_16BIT_RC1_Slice1Output2_SetInterruptHandler         text29       0014F6
__end_of_STATUS_LED_toggle                                        text41       0013C2
__end_of_SYSTEM_Initialize                                        text19       0013E8
__end_of_Timer0                                                   mediumconst  00FE79
__end_of_Timer0_DefaultOverflowCallback                           text63       001542
__end_of_Timer0_Initialize                                        text26       001214
__end_of_Timer0_OverflowCallbackRegister                          text27       0014EC
__end_of_Timer0_OverflowISR                                       text66       00109A
__end_of_Timer1                                                   mediumconst  00FE85
__end_of_Timer1_DefaultOverflowCallback                           text64       001566
__end_of_Timer1_GateISR                                           text65       001554
__end_of_Timer1_Initialize                                        text24       001122
__end_of_Timer1_OverflowCallbackRegister                          text25       0014E2
__end_of_Timer1_OverflowISR                                       text61       001050
__end_of_Timer1_Start                                             text18       001548
__end_of_Timer1_Write                                             text62       001372
__end_of_UART2                                                    mediumconst  00FE6D
__end_of_UART2_FramingErrorCallbackRegister                       text23       00145A
__end_of_UART2_Initialize                                         text20       000F4C
__end_of_UART2_IsTxReady                                          text13       001348
__end_of_UART2_OverrunErrorCallbackRegister                       text22       00143E
__end_of_UART2_ParityErrorCallbackRegister                        text21       001422
__end_of_UART2_Write                                              text12       00153A
__end_of___aldiv                                                  text17       000838
__end_of___awdiv                                                  text16       000BB8
__end_of___awmod                                                  text15       000C68
__end_of___lwdiv                                                  text6        000E02
__end_of___lwmod                                                  text5        000FB0
__end_of__initialization                                          cinit        001268
__end_of_abs                                                      text14       001162
__end_of_dtoa                                                     text7        00072C
__end_of_fputc                                                    text10       000AF4
__end_of_fputs                                                    text9        0010DE
__end_of_main                                                     text0        0003BC
__end_of_pad                                                      text8        000D8E
__end_of_printf                                                   text1        00139A
__end_of_putch                                                    text11       001406
__end_of_utoa                                                     text4        000A2A
__end_of_vfpfcnvrt                                                text3        000594
__end_of_vfprintf                                                 text2        001004
__initialization                                                  cinit        001242
__mediumconst                                                     mediumconst  00FE3C
__pbssBANK5                                                       bssBANK5     000560
__pbssCOMRAM                                                      bssCOMRAM    000534
__pcinit                                                          cinit        001242
__pcstackBANK5                                                    cstackBANK5  00059E
__pcstackCOMRAM                                                   cstackCOMRAM 000501
__pivt0x8                                                         ivt0x8       000008
__pmediumconst                                                    mediumconst  00FE3C
__pnvBANK5                                                        nvBANK5      0005CC
__ptext0                                                          text0        0000BE
__ptext1                                                          text1        001372
__ptext10                                                         text10       000A2A
__ptext11                                                         text11       0013E8
__ptext12                                                         text12       001532
__ptext13                                                         text13       00131E
__ptext14                                                         text14       001122
__ptext15                                                         text15       000BB8
__ptext16                                                         text16       000AF4
__ptext17                                                         text17       00072C
__ptext18                                                         text18       001542
__ptext19                                                         text19       0013C2
__ptext2                                                          text2        000FB0
__ptext20                                                         text20       000EE2
__ptext21                                                         text21       001406
__ptext22                                                         text22       001422
__ptext23                                                         text23       00143E
__ptext24                                                         text24       0010DE
__ptext25                                                         text25       0014D8
__ptext26                                                         text26       0011E2
__ptext27                                                         text27       0014E2
__ptext28                                                         text28       000E74
__ptext29                                                         text29       0014EC
__ptext3                                                          text3        0003BC
__ptext30                                                         text30       0014F6
__ptext31                                                         text31       001500
__ptext32                                                         text32       000838
__ptext33                                                         text33       000E02
__ptext34                                                         text34       00150A
__ptext35                                                         text35       001514
__ptext36                                                         text36       00151E
__ptext37                                                         text37       00126E
__ptext38                                                         text38       00145A
__ptext39                                                         text39       001214
__ptext4                                                          text4        000934
__ptext40                                                         text40       001528
__ptext41                                                         text41       00139A
__ptext42                                                         text42       001548
__ptext43                                                         text43       00154C
__ptext44                                                         text44       0011A4
__ptext45                                                         text45       001476
__ptext46                                                         text46       000C68
__ptext47                                                         text47       001554
__ptext48                                                         text48       001556
__ptext49                                                         text49       001164
__ptext5                                                          text5        000F4C
__ptext50                                                         text50       001558
__ptext51                                                         text51       00155C
__ptext52                                                         text52       001490
__ptext53                                                         text53       00129A
__ptext54                                                         text54       00155E
__ptext55                                                         text55       0014A8
__ptext56                                                         text56       0012C6
__ptext57                                                         text57       001560
__ptext58                                                         text58       0014C0
__ptext59                                                         text59       0012F2
__ptext6                                                          text6        000D8E
__ptext60                                                         text60       001562
__ptext61                                                         text61       001004
__ptext62                                                         text62       001348
__ptext63                                                         text63       00153A
__ptext64                                                         text64       001564
__ptext65                                                         text65       001550
__ptext66                                                         text66       001050
__ptext67                                                         text67       000000
__ptext7                                                          text7        000594
__ptext8                                                          text8        000D14
__ptext9                                                          text9        00109A
__ramtop                                                          ramtop       001600
__smallconst                                                      smallconst   000000
_abs                                                              text14       001122
_dbuf                                                             bssBANK5     00057C
_dtoa                                                             text7        000594
_dtoa$2328                                                        cstackBANK5  0005A2
_flags                                                            bssCOMRAM    000544
_fputc                                                            text10       000A2A
_fputs                                                            text9        00109A
_main                                                             text0        0000BE
_pad                                                              text8        000D14
_prec                                                             bssCOMRAM    000534
_printf                                                           text1        001372
_pulse_seq                                                        bssCOMRAM    000549
_putch                                                            text11       0013E8
_sys_cnt                                                          bssBANK5     00056A
_sys_cnt_8bitLSB                                                  bssBANK5     000579
_sys_cnt_8bitMSB                                                  bssBANK5     000578
_timer1ReloadVal                                                  bssCOMRAM    00053A
_timerTMR0ReloadVal16bit                                          bssCOMRAM    000538
_uart2RxLastError                                                 bssBANK5     000570
_utoa                                                             text4        000934
_vfpfcnvrt                                                        text3        0003BC
_vfprintf                                                         text2        000FB0
_width                                                            bssBANK5     000560
abs@a                                                             cstackCOMRAM 00051D
dtoa@d                                                            cstackBANK5  0005A0
dtoa@fp                                                           cstackBANK5  00059E
dtoa@i                                                            cstackBANK5  0005A9
dtoa@p                                                            cstackBANK5  0005A4
dtoa@s                                                            cstackBANK5  0005A8
dtoa@w                                                            cstackBANK5  0005A6
end_of_initialization                                             cinit        001268
fputc@c                                                           cstackCOMRAM 000519
fputc@fp                                                          cstackCOMRAM 00051B
fputs@c                                                           cstackCOMRAM 000526
fputs@fp                                                          cstackCOMRAM 000524
fputs@i                                                           cstackCOMRAM 000527
fputs@s                                                           cstackCOMRAM 000522
intlevel0                                                         text         000000
intlevel1                                                         text         000000
intlevel2                                                         text         000000
intlevel3                                                         text         000000
isa$std                                                           (abs)        000001
isa$xinst                                                         (abs)        000000
ivt0x8_base                                                       ivt0x8       000008
ivt0x8_undefint                                                   ivt0x8       0000B8
pad@buf                                                           cstackCOMRAM 00052B
pad@fp                                                            cstackCOMRAM 000529
pad@i                                                             cstackCOMRAM 000530
pad@p                                                             cstackCOMRAM 00052D
pad@w                                                             cstackCOMRAM 000532
printf@ap                                                         cstackBANK5  0005C9
printf@fmt                                                        cstackBANK5  0005C1
putch@txData                                                      cstackCOMRAM 000518
stackhi                                                           (abs)        000000
stacklo                                                           (abs)        000000
start                                                             init         0000BA
start_initialization                                              cinit        001242
utoa@d                                                            cstackBANK5  0005A0
utoa@fp                                                           cstackBANK5  00059E
utoa@i                                                            cstackBANK5  0005A6
utoa@p                                                            cstackBANK5  0005A4
utoa@w                                                            cstackBANK5  0005A2
vfpfcnvrt@ap                                                      cstackBANK5  0005AF
vfpfcnvrt@convarg                                                 cstackBANK5  0005B3
vfpfcnvrt@cp                                                      cstackBANK5  0005B7
vfpfcnvrt@fmt                                                     cstackBANK5  0005AD
vfpfcnvrt@fp                                                      cstackBANK5  0005AB
vfprintf@ap                                                       cstackBANK5  0005BD
vfprintf@cfmt                                                     cstackBANK5  0005BF
vfprintf@fmt                                                      cstackBANK5  0005BB
vfprintf@fp                                                       cstackBANK5  0005B9


MODULE INFORMATION

Module		Function		Class		Link	Load	Size
C:\Program Files\Microchip\xc8\v2.41\pic\sources\c99\common\awmod.c
		___awmod       		CODE           	0BB8	0000	176

C:\Program Files\Microchip\xc8\v2.41\pic\sources\c99\common\awmod.c estimated size: 176

C:\Program Files\Microchip\xc8\v2.41\pic\sources\c99\common\nf_fputc.c
		_fputc         		CODE           	0A2A	0000	202

C:\Program Files\Microchip\xc8\v2.41\pic\sources\c99\common\nf_fputc.c estimated size: 202

mcc_generated_files/timer/src/tmr1.c
		_Timer1_OverflowISR		CODE           	1004	0000	76
		_Timer1_DefaultOverflowCallback		CODE           	1564	0000	2
		_Timer1_Write  		CODE           	1348	0000	42
		_Timer1_Start  		CODE           	1542	0000	6
		_Timer1_GateISR		CODE           	1550	0000	4
		_Timer1_Initialize		CODE           	10DE	0000	68
		_Timer1_OverflowCallbackRegister		CODE           	14D8	0000	10

mcc_generated_files/timer/src/tmr1.c estimated size: 208

C:\Program Files\Microchip\xc8\v2.41\pic\sources\c99\common\lwdiv.c
		___lwdiv       		CODE           	0D8E	0000	116

C:\Program Files\Microchip\xc8\v2.41\pic\sources\c99\common\lwdiv.c estimated size: 116

mcc_generated_files/system/src/interrupt.c
		_INT0_SetInterruptHandler		CODE           	151E	0000	10
		_INT1_SetInterruptHandler		CODE           	1514	0000	10
		_INT2_SetInterruptHandler		CODE           	150A	0000	10
		_INTERRUPT_Initialize		CODE           	0E02	0000	114
		_INT0_DefaultInterruptHandler		CODE           	155E	0000	2
		_INT0_CallBack 		CODE           	129A	0000	44
		_INT1_DefaultInterruptHandler		CODE           	1560	0000	2
		_INT1_CallBack 		CODE           	12C6	0000	44
		_INT2_DefaultInterruptHandler		CODE           	1562	0000	2
		_INT2_CallBack 		CODE           	12F2	0000	44
		_Default_ISR   		CODE           	155C	0000	2
		_INT0_ISR      		CODE           	1490	0000	24
		_INT1_ISR      		CODE           	14A8	0000	24
		_INT2_ISR      		CODE           	14C0	0000	24

mcc_generated_files/system/src/interrupt.c estimated size: 356

C:\Program Files\Microchip\xc8\v2.41\pic\sources\c99\common\awdiv.c
		___awdiv       		CODE           	0AF4	0000	196

C:\Program Files\Microchip\xc8\v2.41\pic\sources\c99\common\awdiv.c estimated size: 196

./PIC18F56Q71_CNANO_header.h
		_STATUS_LED_toggle		CODE           	139A	0000	40

./PIC18F56Q71_CNANO_header.h estimated size: 40

mcc_generated_files/pwm/src/pwm1_16bit.c
		_PWM1_16BIT_RC1_Initialize		CODE           	0E74	0000	110
		_PWM1_16BIT_RC1_Slice1Output1_DefaultInterruptHandler		CODE           	1556	0000	2
		_PWM1_16BIT_RC1_Slice1Output2_DefaultInterruptHandler		CODE           	1554	0000	2
		_PWM1_16BIT_RC1_Period_SetInterruptHandler		CODE           	1500	0000	10
		_PWM1_16BIT_RC1_Period_DefaultInterruptHandler		CODE           	1558	0000	2
		_PWM1_16BIT_RC1_PWMPI_ISR		CODE           	1164	0000	64
		_PWM1_16BIT_RC1_Slice1Output1_SetInterruptHandler		CODE           	14F6	0000	10
		_PWM1_16BIT_RC1_Slice1Output2_SetInterruptHandler		CODE           	14EC	0000	10
		_PWM1_16BIT_RC1_Enable		CODE           	1548	0000	4
		_PWM1_16BIT_RC1_PWMI_ISR		CODE           	0C68	0000	172
		_PWM1_16BIT_RC1_Disable		CODE           	154C	0000	4

mcc_generated_files/pwm/src/pwm1_16bit.c estimated size: 390

C:\Program Files\Microchip\xc8\v2.41\pic\sources\c99\common\aldiv.c
		___aldiv       		CODE           	072C	0000	268

C:\Program Files\Microchip\xc8\v2.41\pic\sources\c99\common\aldiv.c estimated size: 268

C:\Program Files\Microchip\xc8\v2.41\pic\sources\c99\common\abs.c
		_abs           		CODE           	1122	0000	64

C:\Program Files\Microchip\xc8\v2.41\pic\sources\c99\common\abs.c estimated size: 64

C:\Program Files\Microchip\xc8\v2.41\pic\sources\c99\common\doprnt.c
		_vfpfcnvrt     		CODE           	03BC	0000	472
		_pad           		CODE           	0D14	0000	122
		_dtoa          		CODE           	0594	0000	408
		_vfprintf      		CODE           	0FB0	0000	84
		_utoa          		CODE           	0934	0000	246

C:\Program Files\Microchip\xc8\v2.41\pic\sources\c99\common\doprnt.c estimated size: 1332

mcc_generated_files/system/src/pins.c
		_PIN_MANAGER_Initialize		CODE           	0838	0000	252

mcc_generated_files/system/src/pins.c estimated size: 252

shared
		_Timer1        		MEDIUMCONST    	FE79	0000	12
		__initialization		CODE           	1242	0000	38
		_Timer0        		MEDIUMCONST    	FE6D	0000	12
		_UART2         		MEDIUMCONST    	FE3D	0000	48

shared estimated size: 110

C:\Program Files\Microchip\xc8\v2.41\pic\sources\c99\common\nf_fputs.c
		_fputs         		CODE           	109A	0000	68

C:\Program Files\Microchip\xc8\v2.41\pic\sources\c99\common\nf_fputs.c estimated size: 68

mcc_generated_files/system/src/clock.c
		_CLOCK_Initialize		CODE           	145A	0000	28

mcc_generated_files/system/src/clock.c estimated size: 28

mcc_generated_files/timer/src/tmr0.c
		_Timer0_Initialize		CODE           	11E2	0000	50
		_Timer0_OverflowCallbackRegister		CODE           	14E2	0000	10
		_Timer0_OverflowISR		CODE           	1050	0000	74
		_Timer0_DefaultOverflowCallback		CODE           	153A	0000	8

mcc_generated_files/timer/src/tmr0.c estimated size: 142

main.c
		_main          		CODE           	00BE	0000	766

main.c estimated size: 766

mcc_generated_files/capture/src/ccp1.c
		_CCP1_SetCallBack		CODE           	1528	0000	10
		_CCP1_CaptureISR		CODE           	11A4	0000	62
		_CCP1_DefaultCallBack		CODE           	1476	0000	24
		_CCP1_Initialize		CODE           	1214	0000	46

mcc_generated_files/capture/src/ccp1.c estimated size: 142

C:\Program Files\Microchip\xc8\v2.41\pic\sources\c99\common\printf.c
		_printf        		CODE           	1372	0000	40

C:\Program Files\Microchip\xc8\v2.41\pic\sources\c99\common\printf.c estimated size: 40

mcc_generated_files/uart/src/uart2.c
		_UART2_ParityErrorCallbackRegister		CODE           	1406	0000	28
		_putch         		CODE           	13E8	0000	30
		_UART2_IsTxReady		CODE           	131E	0000	42
		_UART2_Write   		CODE           	1532	0000	8
		_UART2_FramingErrorCallbackRegister		CODE           	143E	0000	28
		_UART2_OverrunErrorCallbackRegister		CODE           	1422	0000	28
		_UART2_Initialize		CODE           	0EE2	0000	106

mcc_generated_files/uart/src/uart2.c estimated size: 270

mcc_generated_files/system/src/system.c
		_CPU_Initialize		CODE           	126E	0000	44
		_SYSTEM_Initialize		CODE           	13C2	0000	38

mcc_generated_files/system/src/system.c estimated size: 82

C:\Program Files\Microchip\xc8\v2.41\pic\sources\c99\common\lwmod.c
		___lwmod       		CODE           	0F4C	0000	100

C:\Program Files\Microchip\xc8\v2.41\pic\sources\c99\common\lwmod.c estimated size: 100

